Product: MDK-ARM Professional 5.10
Component: ARM Compiler 5.04 update 1 (build 49)
Tool: armlink [5040049]

==============================================================================

Section Cross References

    system_stm32f4xx.o(i.SystemCoreClockUpdate) refers to system_stm32f4xx.o(.data) for .data
    system_stm32f4xx.o(i.SystemInit) refers to system_stm32f4xx.o(i.SetSysClock) for SetSysClock
    startup_stm32f427x.o(RESET) refers to startup_stm32f427x.o(STACK) for __initial_sp
    startup_stm32f427x.o(RESET) refers to startup_stm32f427x.o(.text) for Reset_Handler
    startup_stm32f427x.o(RESET) refers to stm32f4xx_it.o(i.NMI_Handler) for NMI_Handler
    startup_stm32f427x.o(RESET) refers to stm32f4xx_it.o(i.HardFault_Handler) for HardFault_Handler
    startup_stm32f427x.o(RESET) refers to stm32f4xx_it.o(i.MemManage_Handler) for MemManage_Handler
    startup_stm32f427x.o(RESET) refers to stm32f4xx_it.o(i.BusFault_Handler) for BusFault_Handler
    startup_stm32f427x.o(RESET) refers to stm32f4xx_it.o(i.UsageFault_Handler) for UsageFault_Handler
    startup_stm32f427x.o(RESET) refers to port.o(.emb_text) for SVC_Handler
    startup_stm32f427x.o(RESET) refers to stm32f4xx_it.o(i.DebugMon_Handler) for DebugMon_Handler
    startup_stm32f427x.o(RESET) refers to stm32f4xx_it.o(i.SysTick_Handler) for SysTick_Handler
    startup_stm32f427x.o(RESET) refers to stm32f4xx_it.o(i.EXTI15_10_IRQHandler) for EXTI15_10_IRQHandler
    startup_stm32f427x.o(RESET) refers to stm32f4xx_it.o(i.ETH_IRQHandler) for ETH_IRQHandler
    startup_stm32f427x.o(.text) refers to system_stm32f4xx.o(i.SystemInit) for SystemInit
    startup_stm32f427x.o(.text) refers to entry.o(.ARM.Collect$$$$00000000) for __main
    main.o(i.Delay) refers to tasks.o(i.vTaskDelay) for vTaskDelay
    main.o(i.LCD_LED_Init) refers to stm32f4xx_rcc.o(i.RCC_AHB1PeriphClockCmd) for RCC_AHB1PeriphClockCmd
    main.o(i.LCD_LED_Init) refers to stm32f4xx_gpio.o(i.GPIO_Init) for GPIO_Init
    main.o(i.LCD_LED_Init) refers to stm32f4xx_gpio.o(i.GPIO_SetBits) for GPIO_SetBits
    main.o(i.Main_task) refers to main.o(i.LCD_LED_Init) for LCD_LED_Init
    main.o(i.Main_task) refers to stm32f4x7_eth_bsp.o(i.ETH_BSP_Config) for ETH_BSP_Config
    main.o(i.Main_task) refers to netconf.o(i.LwIP_Init) for LwIP_Init
    main.o(i.Main_task) refers to tcpecho.o(i.tcpecho_init) for tcpecho_init
    main.o(i.Main_task) refers to udpecho.o(i.udpecho_init) for udpecho_init
    main.o(i.Main_task) refers to tasks.o(i.xTaskGenericCreate) for xTaskGenericCreate
    main.o(i.Main_task) refers to tasks.o(i.vTaskDelete) for vTaskDelete
    main.o(i.Main_task) refers to main.o(i.ToggleLed4) for ToggleLed4
    main.o(i.ToggleLed4) refers to tasks.o(i.vTaskDelay) for vTaskDelay
    main.o(i.ToggleLed4) refers to netconf.o(.bss) for xnetif
    main.o(i.ToggleLed4) refers to main.o(.data) for .data
    main.o(i.main) refers to misc.o(i.NVIC_PriorityGroupConfig) for NVIC_PriorityGroupConfig
    main.o(i.main) refers to tasks.o(i.xTaskGenericCreate) for xTaskGenericCreate
    main.o(i.main) refers to tasks.o(i.vTaskStartScheduler) for vTaskStartScheduler
    main.o(i.main) refers to main.o(i.Main_task) for Main_task
    netconf.o(i.LwIP_Init) refers to tcpip.o(i.tcpip_init) for tcpip_init
    netconf.o(i.LwIP_Init) refers to netif.o(i.netif_add) for netif_add
    netconf.o(i.LwIP_Init) refers to netif.o(i.netif_set_default) for netif_set_default
    netconf.o(i.LwIP_Init) refers to netif.o(i.netif_set_down) for netif_set_down
    netconf.o(i.LwIP_Init) refers to stm324x7i_eval_lcd.o(i.LCD_SetTextColor) for LCD_SetTextColor
    netconf.o(i.LwIP_Init) refers to stm324x7i_eval_lcd.o(i.LCD_GetFont) for LCD_GetFont
    netconf.o(i.LwIP_Init) refers to stm324x7i_eval_lcd.o(i.LCD_DisplayStringLine) for LCD_DisplayStringLine
    netconf.o(i.LwIP_Init) refers to netif.o(i.netif_set_link_callback) for netif_set_link_callback
    netconf.o(i.LwIP_Init) refers to netif.o(i.netif_set_up) for netif_set_up
    netconf.o(i.LwIP_Init) refers to printf3.o(i.__0sprintf$3) for __2sprintf
    netconf.o(i.LwIP_Init) refers to tcpip.o(i.tcpip_input) for tcpip_input
    netconf.o(i.LwIP_Init) refers to ethernetif.o(i.ethernetif_init) for ethernetif_init
    netconf.o(i.LwIP_Init) refers to netconf.o(.bss) for .bss
    netconf.o(i.LwIP_Init) refers to stm32f4x7_eth_bsp.o(.data) for EthStatus
    netconf.o(i.LwIP_Init) refers to stm32f4x7_eth_bsp.o(i.ETH_link_callback) for ETH_link_callback
    stm32f4x7_eth_bsp.o(i.ETH_BSP_Config) refers to stm32f4x7_eth_bsp.o(i.ETH_GPIO_Config) for ETH_GPIO_Config
    stm32f4x7_eth_bsp.o(i.ETH_BSP_Config) refers to misc.o(i.NVIC_Init) for NVIC_Init
    stm32f4x7_eth_bsp.o(i.ETH_BSP_Config) refers to stm32f4x7_eth_bsp.o(i.ETH_MACDMA_Config) for ETH_MACDMA_Config
    stm32f4x7_eth_bsp.o(i.ETH_BSP_Config) refers to stm32f4x7_eth.o(i.ETH_ReadPHYRegister) for ETH_ReadPHYRegister
[...]
    _printf_llo                              0x00000000   Number         0  stubs.o ABSOLUTE
    _printf_llu                              0x00000000   Number         0  stubs.o ABSOLUTE
    _printf_llx                              0x00000000   Number         0  stubs.o ABSOLUTE
    _printf_longlong_dec                     0x00000000   Number         0  stubs.o ABSOLUTE
    _printf_longlong_hex                     0x00000000   Number         0  stubs.o ABSOLUTE
    _printf_longlong_oct                     0x00000000   Number         0  stubs.o ABSOLUTE
    _printf_ls                               0x00000000   Number         0  stubs.o ABSOLUTE
    _printf_mbtowc                           0x00000000   Number         0  stubs.o ABSOLUTE
    _printf_n                                0x00000000   Number         0  stubs.o ABSOLUTE
    _printf_o                                0x00000000   Number         0  stubs.o ABSOLUTE
    _printf_p                                0x00000000   Number         0  stubs.o ABSOLUTE
    _printf_percent                          0x00000000   Number         0  stubs.o ABSOLUTE
    _printf_pre_padding                      0x00000000   Number         0  stubs.o ABSOLUTE
    _printf_return_value                     0x00000000   Number         0  stubs.o ABSOLUTE
    _printf_s                                0x00000000   Number         0  stubs.o ABSOLUTE
    _printf_sizespec                         0x00000000   Number         0  stubs.o ABSOLUTE
    _printf_str                              0x00000000   Number         0  stubs.o ABSOLUTE
    _printf_truncate_signed                  0x00000000   Number         0  stubs.o ABSOLUTE
    _printf_truncate_unsigned                0x00000000   Number         0  stubs.o ABSOLUTE
    _printf_u                                0x00000000   Number         0  stubs.o ABSOLUTE
    _printf_wc                               0x00000000   Number         0  stubs.o ABSOLUTE
    _printf_wctomb                           0x00000000   Number         0  stubs.o ABSOLUTE
    _printf_widthprec                        0x00000000   Number         0  stubs.o ABSOLUTE
    _printf_x                                0x00000000   Number         0  stubs.o ABSOLUTE
    __cpp_initialize__aeabi_                  - Undefined Weak Reference
    __cxa_finalize                            - Undefined Weak Reference
    _clock_init                               - Undefined Weak Reference
    _microlib_exit                            - Undefined Weak Reference
    __Vectors_Size                           0x0000019c   Number         0  startup_stm32f427x.o ABSOLUTE
    __Vectors                                0x08000000   Data           4  startup_stm32f427x.o(RESET)
    __Vectors_End                            0x0800019c   Data           0  startup_stm32f427x.o(RESET)
    __main                                   0x0800019d   Thumb Code     0  entry.o(.ARM.Collect$$$$00000000)
    _main_stk                                0x0800019d   Thumb Code     0  entry2.o(.ARM.Collect$$$$00000001)
    _main_scatterload                        0x080001a1   Thumb Code     0  entry5.o(.ARM.Collect$$$$00000004)
    __main_after_scatterload                 0x080001a5   Thumb Code     0  entry5.o(.ARM.Collect$$$$00000004)
    _main_clock                              0x080001a5   Thumb Code     0  entry7b.o(.ARM.Collect$$$$00000008)
    _main_cpp_init                           0x080001a5   Thumb Code     0  entry8b.o(.ARM.Collect$$$$0000000A)
    _main_init                               0x080001a5   Thumb Code     0  entry9a.o(.ARM.Collect$$$$0000000B)
    __rt_final_cpp                           0x080001ad   Thumb Code     0  entry10a.o(.ARM.Collect$$$$0000000D)
    __rt_final_exit                          0x080001ad   Thumb Code     0  entry11a.o(.ARM.Collect$$$$0000000F)
    SVC_Handler                              0x080001b1   Thumb Code    28  port.o(.emb_text)
    __asm___6_port_c_39a90d8d__prvStartFirstTask 0x080001d1   Thumb Code    16  port.o(.emb_text)
    PendSV_Handler                           0x080001e5   Thumb Code    56  port.o(.emb_text)
    ulPortSetInterruptMask                   0x08000221   Thumb Code    14  port.o(.emb_text)
    vPortClearInterruptMask                  0x0800022f   Thumb Code     6  port.o(.emb_text)
    Reset_Handler                            0x08000235   Thumb Code     8  startup_stm32f427x.o(.text)
    ADC_IRQHandler                           0x0800024f   Thumb Code     0  startup_stm32f427x.o(.text)
    CAN1_RX0_IRQHandler                      0x0800024f   Thumb Code     0  startup_stm32f427x.o(.text)
    CAN1_RX1_IRQHandler                      0x0800024f   Thumb Code     0  startup_stm32f427x.o(.text)
    CAN1_SCE_IRQHandler                      0x0800024f   Thumb Code     0  startup_stm32f427x.o(.text)
    CAN1_TX_IRQHandler                       0x0800024f   Thumb Code     0  startup_stm32f427x.o(.text)
    CAN2_RX0_IRQHandler                      0x0800024f   Thumb Code     0  startup_stm32f427x.o(.text)
    CAN2_RX1_IRQHandler                      0x0800024f   Thumb Code     0  startup_stm32f427x.o(.text)
    CAN2_SCE_IRQHandler                      0x0800024f   Thumb Code     0  startup_stm32f427x.o(.text)
    CAN2_TX_IRQHandler                       0x0800024f   Thumb Code     0  startup_stm32f427x.o(.text)
    CRYP_IRQHandler                          0x0800024f   Thumb Code     0  startup_stm32f427x.o(.text)
    DCMI_IRQHandler                          0x0800024f   Thumb Code     0  startup_stm32f427x.o(.text)
    DMA1_Stream0_IRQHandler                  0x0800024f   Thumb Code     0  startup_stm32f427x.o(.text)
    DMA1_Stream1_IRQHandler                  0x0800024f   Thumb Code     0  startup_stm32f427x.o(.text)
    DMA1_Stream2_IRQHandler                  0x0800024f   Thumb Code     0  startup_stm32f427x.o(.text)
    DMA1_Stream3_IRQHandler                  0x0800024f   Thumb Code     0  startup_stm32f427x.o(.text)
    DMA1_Stream4_IRQHandler                  0x0800024f   Thumb Code     0  startup_stm32f427x.o(.text)
    DMA1_Stream5_IRQHandler                  0x0800024f   Thumb Code     0  startup_stm32f427x.o(.text)
    DMA1_Stream6_IRQHandler                  0x0800024f   Thumb Code     0  startup_stm32f427x.o(.text)
    DMA1_Stream7_IRQHandler                  0x0800024f   Thumb Code     0  startup_stm32f427x.o(.text)
    DMA2_Stream0_IRQHandler                  0x0800024f   Thumb Code     0  startup_stm32f427x.o(.text)
    DMA2_Stream1_IRQHandler                  0x0800024f   Thumb Code     0  startup_stm32f427x.o(.text)
    DMA2_Stream2_IRQHandler                  0x0800024f   Thumb Code     0  startup_stm32f427x.o(.text)
    DMA2_Stream3_IRQHandler                  0x0800024f   Thumb Code     0  startup_stm32f427x.o(.text)
    DMA2_Stream4_IRQHandler                  0x0800024f   Thumb Code     0  startup_stm32f427x.o(.text)
    DMA2_Stream5_IRQHandler                  0x0800024f   Thumb Code     0  startup_stm32f427x.o(.text)
    DMA2_Stream6_IRQHandler                  0x0800024f   Thumb Code     0  startup_stm32f427x.o(.text)
    DMA2_Stream7_IRQHandler                  0x0800024f   Thumb Code     0  startup_stm32f427x.o(.text)
    ETH_WKUP_IRQHandler                      0x0800024f   Thumb Code     0  startup_stm32f427x.o(.text)
    EXTI0_IRQHandler                         0x0800024f   Thumb Code     0  startup_stm32f427x.o(.text)
    EXTI1_IRQHandler                         0x0800024f   Thumb Code     0  startup_stm32f427x.o(.text)
    EXTI2_IRQHandler                         0x0800024f   Thumb Code     0  startup_stm32f427x.o(.text)
    EXTI3_IRQHandler                         0x0800024f   Thumb Code     0  startup_stm32f427x.o(.text)
    EXTI4_IRQHandler                         0x0800024f   Thumb Code     0  startup_stm32f427x.o(.text)
    EXTI9_5_IRQHandler                       0x0800024f   Thumb Code     0  startup_stm32f427x.o(.text)
    FLASH_IRQHandler                         0x0800024f   Thumb Code     0  startup_stm32f427x.o(.text)
    FPU_IRQHandler                           0x0800024f   Thumb Code     0  startup_stm32f427x.o(.text)
    FSMC_IRQHandler                          0x0800024f   Thumb Code     0  startup_stm32f427x.o(.text)
    HASH_RNG_IRQHandler                      0x0800024f   Thumb Code     0  startup_stm32f427x.o(.text)
    I2C1_ER_IRQHandler                       0x0800024f   Thumb Code     0  startup_stm32f427x.o(.text)
    I2C1_EV_IRQHandler                       0x0800024f   Thumb Code     0  startup_stm32f427x.o(.text)
    I2C2_ER_IRQHandler                       0x0800024f   Thumb Code     0  startup_stm32f427x.o(.text)
    I2C2_EV_IRQHandler                       0x0800024f   Thumb Code     0  startup_stm32f427x.o(.text)
    I2C3_ER_IRQHandler                       0x0800024f   Thumb Code     0  startup_stm32f427x.o(.text)
    I2C3_EV_IRQHandler                       0x0800024f   Thumb Code     0  startup_stm32f427x.o(.text)
    OTG_FS_IRQHandler                        0x0800024f   Thumb Code     0  startup_stm32f427x.o(.text)
    OTG_FS_WKUP_IRQHandler                   0x0800024f   Thumb Code     0  startup_stm32f427x.o(.text)
    OTG_HS_EP1_IN_IRQHandler                 0x0800024f   Thumb Code     0  startup_stm32f427x.o(.text)
    OTG_HS_EP1_OUT_IRQHandler                0x0800024f   Thumb Code     0  startup_stm32f427x.o(.text)
    OTG_HS_IRQHandler                        0x0800024f   Thumb Code     0  startup_stm32f427x.o(.text)
    OTG_HS_WKUP_IRQHandler                   0x0800024f   Thumb Code     0  startup_stm32f427x.o(.text)
    PVD_IRQHandler                           0x0800024f   Thumb Code     0  startup_stm32f427x.o(.text)
    RCC_IRQHandler                           0x0800024f   Thumb Code     0  startup_stm32f427x.o(.text)
    RTC_Alarm_IRQHandler                     0x0800024f   Thumb Code     0  startup_stm32f427x.o(.text)
    RTC_WKUP_IRQHandler                      0x0800024f   Thumb Code     0  startup_stm32f427x.o(.text)
    SDIO_IRQHandler                          0x0800024f   Thumb Code     0  startup_stm32f427x.o(.text)
    SPI1_IRQHandler                          0x0800024f   Thumb Code     0  startup_stm32f427x.o(.text)
    SPI2_IRQHandler                          0x0800024f   Thumb Code     0  startup_stm32f427x.o(.text)
    SPI3_IRQHandler                          0x0800024f   Thumb Code     0  startup_stm32f427x.o(.text)
    SPI4_IRQHandler                          0x0800024f   Thumb Code     0  startup_stm32f427x.o(.text)
    SPI5_IRQHandler                          0x0800024f   Thumb Code     0  startup_stm32f427x.o(.text)
    SPI6_IRQHandler                          0x0800024f   Thumb Code     0  startup_stm32f427x.o(.text)
    TAMP_STAMP_IRQHandler                    0x0800024f   Thumb Code     0  startup_stm32f427x.o(.text)
    TIM1_BRK_TIM9_IRQHandler                 0x0800024f   Thumb Code     0  startup_stm32f427x.o(.text)
    TIM1_CC_IRQHandler                       0x0800024f   Thumb Code     0  startup_stm32f427x.o(.text)
    TIM1_TRG_COM_TIM11_IRQHandler            0x0800024f   Thumb Code     0  startup_stm32f427x.o(.text)
    TIM1_UP_TIM10_IRQHandler                 0x0800024f   Thumb Code     0  startup_stm32f427x.o(.text)
    TIM2_IRQHandler                          0x0800024f   Thumb Code     0  startup_stm32f427x.o(.text)
    TIM3_IRQHandler                          0x0800024f   Thumb Code     0  startup_stm32f427x.o(.text)
    TIM4_IRQHandler                          0x0800024f   Thumb Code     0  startup_stm32f427x.o(.text)
    TIM5_IRQHandler                          0x0800024f   Thumb Code     0  startup_stm32f427x.o(.text)
    TIM6_DAC_IRQHandler                      0x0800024f   Thumb Code     0  startup_stm32f427x.o(.text)
    TIM7_IRQHandler                          0x0800024f   Thumb Code     0  startup_stm32f427x.o(.text)
    TIM8_BRK_TIM12_IRQHandler                0x0800024f   Thumb Code     0  startup_stm32f427x.o(.text)
    TIM8_CC_IRQHandler                       0x0800024f   Thumb Code     0  startup_stm32f427x.o(.text)
    TIM8_TRG_COM_TIM14_IRQHandler            0x0800024f   Thumb Code     0  startup_stm32f427x.o(.text)
    TIM8_UP_TIM13_IRQHandler                 0x0800024f   Thumb Code     0  startup_stm32f427x.o(.text)
    UART4_IRQHandler                         0x0800024f   Thumb Code     0  startup_stm32f427x.o(.text)
    UART5_IRQHandler                         0x0800024f   Thumb Code     0  startup_stm32f427x.o(.text)
    UART7_IRQHandler                         0x0800024f   Thumb Code     0  startup_stm32f427x.o(.text)
    UART8_IRQHandler                         0x0800024f   Thumb Code     0  startup_stm32f427x.o(.text)
    USART1_IRQHandler                        0x0800024f   Thumb Code     0  startup_stm32f427x.o(.text)
    USART2_IRQHandler                        0x0800024f   Thumb Code     0  startup_stm32f427x.o(.text)
    USART3_IRQHandler                        0x0800024f   Thumb Code     0  startup_stm32f427x.o(.text)
    USART6_IRQHandler                        0x0800024f   Thumb Code     0  startup_stm32f427x.o(.text)
    WWDG_IRQHandler                          0x0800024f   Thumb Code     0  startup_stm32f427x.o(.text)
    __aeabi_memcpy                           0x08000259   Thumb Code    36  memcpya.o(.text)
    __aeabi_memcpy4                          0x08000259   Thumb Code     0  memcpya.o(.text)
    __aeabi_memcpy8                          0x08000259   Thumb Code     0  memcpya.o(.text)
    __aeabi_memset                           0x0800027d   Thumb Code    14  memseta.o(.text)
    __aeabi_memset4                          0x0800027d   Thumb Code     0  memseta.o(.text)
    __aeabi_memset8                          0x0800027d   Thumb Code     0  memseta.o(.text)
    __aeabi_memclr                           0x0800028b   Thumb Code     4  memseta.o(.text)
    __aeabi_memclr4                          0x0800028b   Thumb Code     0  memseta.o(.text)
    __aeabi_memclr8                          0x0800028b   Thumb Code     0  memseta.o(.text)
    _memset$wrapper                          0x0800028f   Thumb Code    18  memseta.o(.text)
    strncpy                                  0x080002a1   Thumb Code    24  strncpy.o(.text)
    memcmp                                   0x080002b9   Thumb Code    26  memcmp.o(.text)
    __aeabi_uidiv                            0x080002d3   Thumb Code     0  uidiv.o(.text)
    __aeabi_uidivmod                         0x080002d3   Thumb Code    44  uidiv.o(.text)
    __scatterload                            0x08000301   Thumb Code    28  init.o(.text)
    __scatterload_rt2                        0x08000301   Thumb Code     0  init.o(.text)
    __I$use$semihosting$fputc                0x08000325   Thumb Code     0  iusesemip.o(.text)
    __decompress                             0x08000325   Thumb Code     0  __dczerorl2.o(.text)
    __decompress1                            0x08000325   Thumb Code    86  __dczerorl2.o(.text)
    __semihosting_library_function           0x08000325   Thumb Code     0  semi.o(.text)
    BusFault_Handler                         0x0800037b   Thumb Code     2  stm32f4xx_it.o(i.BusFault_Handler)
    DebugMon_Handler                         0x0800037d   Thumb Code     2  stm32f4xx_it.o(i.DebugMon_Handler)
    Delay                                    0x0800037f   Thumb Code     4  main.o(i.Delay)
    ETH_BSP_Config                           0x08000385   Thumb Code   124  stm32f4x7_eth_bsp.o(i.ETH_BSP_Config)
    ETH_DMAClearITPendingBit                 0x08000411   Thumb Code     6  stm32f4x7_eth.o(i.ETH_DMAClearITPendingBit)
    ETH_DMAITConfig                          0x0800041d   Thumb Code    18  stm32f4x7_eth.o(i.ETH_DMAITConfig)
    ETH_DMAReceptionCmd                      0x08000435   Thumb Code    22  stm32f4x7_eth.o(i.ETH_DMAReceptionCmd)
    ETH_DMARxDescChainInit                   0x08000451   Thumb Code    74  stm32f4x7_eth.o(i.ETH_DMARxDescChainInit)
    ETH_DMARxDescReceiveITConfig             0x080004a9   Thumb Code    18  stm32f4x7_eth.o(i.ETH_DMARxDescReceiveITConfig)
    ETH_DMATransmissionCmd                   0x080004bd   Thumb Code    22  stm32f4x7_eth.o(i.ETH_DMATransmissionCmd)
    ETH_DMATxDescChainInit                   0x080004d9   Thumb Code    62  stm32f4x7_eth.o(i.ETH_DMATxDescChainInit)
    ETH_DMATxDescChecksumInsertionConfig     0x08000521   Thumb Code     8  stm32f4x7_eth.o(i.ETH_DMATxDescChecksumInsertionConfig)
    ETH_DeInit                               0x08000529   Thumb Code    24  stm32f4x7_eth.o(i.ETH_DeInit)
    ETH_FlushTransmitFIFO                    0x08000541   Thumb Code    28  stm32f4x7_eth.o(i.ETH_FlushTransmitFIFO)
    ETH_GetDMAFlagStatus                     0x080006c5   Thumb Code    16  stm32f4x7_eth.o(i.ETH_GetDMAFlagStatus)
    ETH_GetSoftwareResetStatus               0x080006d9   Thumb Code    14  stm32f4x7_eth.o(i.ETH_GetSoftwareResetStatus)
    ETH_Get_Received_Frame_interrupt         0x080006ed   Thumb Code   136  stm32f4x7_eth.o(i.ETH_Get_Received_Frame_interrupt)
    ETH_IRQHandler                           0x08000779   Thumb Code    56  stm32f4xx_it.o(i.ETH_IRQHandler)
    ETH_Init                                 0x080007b5   Thumb Code   616  stm32f4x7_eth.o(i.ETH_Init)
    ETH_MACAddressConfig                     0x08000a51   Thumb Code    22  stm32f4x7_eth.o(i.ETH_MACAddressConfig)
    ETH_MACReceptionCmd                      0x08000b01   Thumb Code    42  stm32f4x7_eth.o(i.ETH_MACReceptionCmd)
    ETH_MACTransmissionCmd                   0x08000b31   Thumb Code    42  stm32f4x7_eth.o(i.ETH_MACTransmissionCmd)
    ETH_Prepare_Transmit_Descriptors         0x08000b61   Thumb Code   164  stm32f4x7_eth.o(i.ETH_Prepare_Transmit_Descriptors)
    ETH_ReadPHYRegister                      0x08000c0d   Thumb Code    80  stm32f4x7_eth.o(i.ETH_ReadPHYRegister)
    ETH_SoftwareReset                        0x08000c65   Thumb Code    12  stm32f4x7_eth.o(i.ETH_SoftwareReset)
    ETH_Start                                0x08000c75   Thumb Code    34  stm32f4x7_eth.o(i.ETH_Start)
    ETH_Stop                                 0x08000c97   Thumb Code    34  stm32f4x7_eth.o(i.ETH_Stop)
    ETH_StructInit                           0x08000cb9   Thumb Code   136  stm32f4x7_eth.o(i.ETH_StructInit)
    ETH_WritePHYRegister                     0x08000d41   Thumb Code    76  stm32f4x7_eth.o(i.ETH_WritePHYRegister)
    ETH_link_callback                        0x08000d95   Thumb Code   470  stm32f4x7_eth_bsp.o(i.ETH_link_callback)
    EXTI15_10_IRQHandler                     0x08000ff1   Thumb Code    50  stm32f4xx_it.o(i.EXTI15_10_IRQHandler)
    EXTI_ClearITPendingBit                   0x08001029   Thumb Code     6  stm32f4xx_exti.o(i.EXTI_ClearITPendingBit)
    EXTI_GetITStatus                         0x08001035   Thumb Code    28  stm32f4xx_exti.o(i.EXTI_GetITStatus)
    EXTI_Init                                0x08001055   Thumb Code   108  stm32f4xx_exti.o(i.EXTI_Init)
    Eth_Link_EXTIConfig                      0x080010c5   Thumb Code   104  stm32f4x7_eth_bsp.o(i.Eth_Link_EXTIConfig)
    Eth_Link_IT_task                         0x08001131   Thumb Code    58  stm32f4x7_eth_bsp.o(i.Eth_Link_IT_task)
    Eth_Link_PHYITConfig                     0x08001175   Thumb Code    54  stm32f4x7_eth_bsp.o(i.Eth_Link_PHYITConfig)
    GPIO_Init                                0x080011ab   Thumb Code   162  stm32f4xx_gpio.o(i.GPIO_Init)
    GPIO_PinAFConfig                         0x0800124d   Thumb Code    32  stm32f4xx_gpio.o(i.GPIO_PinAFConfig)
    GPIO_SetBits                             0x0800126d   Thumb Code     4  stm32f4xx_gpio.o(i.GPIO_SetBits)
    HardFault_Handler                        0x08001271   Thumb Code     2  stm32f4xx_it.o(i.HardFault_Handler)
    LCD_ClearLine                            0x08001275   Thumb Code    44  stm324x7i_eval_lcd.o(i.LCD_ClearLine)
    LCD_DisplayChar                          0x080012a5   Thumb Code    26  stm324x7i_eval_lcd.o(i.LCD_DisplayChar)
    LCD_DisplayStringLine                    0x080012c5   Thumb Code    52  stm324x7i_eval_lcd.o(i.LCD_DisplayStringLine)
    LCD_DrawChar                             0x080012fd   Thumb Code   120  stm324x7i_eval_lcd.o(i.LCD_DrawChar)
    LCD_GetFont                              0x08001379   Thumb Code     6  stm324x7i_eval_lcd.o(i.LCD_GetFont)
    LCD_LED_Init                             0x08001385   Thumb Code   100  main.o(i.LCD_LED_Init)
    LCD_SetCursor                            0x080013f5   Thumb Code    24  stm324x7i_eval_lcd.o(i.LCD_SetCursor)
    LCD_SetTextColor                         0x0800140d   Thumb Code    12  stm324x7i_eval_lcd.o(i.LCD_SetTextColor)
    LCD_WriteReg                             0x0800141d   Thumb Code    10  stm324x7i_eval_lcd.o(i.LCD_WriteReg)
    LwIP_Init                                0x08001429   Thumb Code   210  netconf.o(i.LwIP_Init)
    Main_task                                0x08001571   Thumb Code    54  main.o(i.Main_task)
    MemManage_Handler                        0x080015b5   Thumb Code     2  stm32f4xx_it.o(i.MemManage_Handler)
    NMI_Handler                              0x080015b7   Thumb Code     2  stm32f4xx_it.o(i.NMI_Handler)
    NVIC_Init                                0x080015b9   Thumb Code    96  misc.o(i.NVIC_Init)
    NVIC_PriorityGroupConfig                 0x0800161d   Thumb Code    10  misc.o(i.NVIC_PriorityGroupConfig)
    RCC_AHB1PeriphClockCmd                   0x08001631   Thumb Code    18  stm32f4xx_rcc.o(i.RCC_AHB1PeriphClockCmd)
    RCC_AHB1PeriphResetCmd                   0x08001649   Thumb Code    18  stm32f4xx_rcc.o(i.RCC_AHB1PeriphResetCmd)
    RCC_APB2PeriphClockCmd                   0x08001661   Thumb Code    18  stm32f4xx_rcc.o(i.RCC_APB2PeriphClockCmd)
    RCC_GetClocksFreq                        0x08001679   Thumb Code   132  stm32f4xx_rcc.o(i.RCC_GetClocksFreq)
    SYSCFG_ETH_MediaInterfaceConfig          0x0800170d   Thumb Code     8  stm32f4xx_syscfg.o(i.SYSCFG_ETH_MediaInterfaceConfig)
    SYSCFG_EXTILineConfig                    0x08001719   Thumb Code    42  stm32f4xx_syscfg.o(i.SYSCFG_EXTILineConfig)
    SysTick_Handler                          0x08001815   Thumb Code     4  stm32f4xx_it.o(i.SysTick_Handler)
    SystemInit                               0x08001819   Thumb Code    74  system_stm32f4xx.o(i.SystemInit)
    ToggleLed4                               0x08001875   Thumb Code    32  main.o(i.ToggleLed4)
    UsageFault_Handler                       0x080018a1   Thumb Code     2  stm32f4xx_it.o(i.UsageFault_Handler)
    __0printf$3                              0x080018a5   Thumb Code    22  printf3.o(i.__0printf$3)
    __1printf$3                              0x080018a5   Thumb Code     0  printf3.o(i.__0printf$3)
    __2printf                                0x080018a5   Thumb Code     0  printf3.o(i.__0printf$3)
    __0sprintf$3                             0x080018c5   Thumb Code    34  printf3.o(i.__0sprintf$3)
    __1sprintf$3                             0x080018c5   Thumb Code     0  printf3.o(i.__0sprintf$3)
    __2sprintf                               0x080018c5   Thumb Code     0  printf3.o(i.__0sprintf$3)
    __scatterload_copy                       0x080018ed   Thumb Code    14  handlers.o(i.__scatterload_copy)
    __scatterload_null                       0x080018fb   Thumb Code     2  handlers.o(i.__scatterload_null)
    __scatterload_zeroinit                   0x080018fd   Thumb Code    14  handlers.o(i.__scatterload_zeroinit)
    dhcp_arp_reply                           0x08001ba5   Thumb Code    30  dhcp.o(i.dhcp_arp_reply)
    dhcp_coarse_tmr                          0x08001ca9   Thumb Code    90  dhcp.o(i.dhcp_coarse_tmr)
    dhcp_fine_tmr                            0x08001f6d   Thumb Code    46  dhcp.o(i.dhcp_fine_tmr)
    dhcp_network_changed                     0x08001fa1   Thumb Code    70  dhcp.o(i.dhcp_network_changed)
    dhcp_release                             0x080021d1   Thumb Code   160  dhcp.o(i.dhcp_release)
    dhcp_renew                               0x08002275   Thumb Code   132  dhcp.o(i.dhcp_renew)
    do_bind                                  0x080024b1   Thumb Code    92  api_msg.o(i.do_bind)
    do_close                                 0x0800250d   Thumb Code    84  api_msg.o(i.do_close)
    do_delconn                               0x0800264d   Thumb Code   148  api_msg.o(i.do_delconn)
    do_listen                                0x080026e1   Thumb Code   172  api_msg.o(i.do_listen)
    do_newconn                               0x08002791   Thumb Code    32  api_msg.o(i.do_newconn)
    do_recv                                  0x080027b1   Thumb Code    66  api_msg.o(i.do_recv)
    do_send                                  0x080027f3   Thumb Code   128  api_msg.o(i.do_send)
    do_write                                 0x08002873   Thumb Code    66  api_msg.o(i.do_write)
    etharp_cleanup_netif                     0x08002b15   Thumb Code    42  etharp.o(i.etharp_cleanup_netif)
    etharp_output                            0x08002c5d   Thumb Code   246  etharp.o(i.etharp_output)
    etharp_query                             0x08002da5   Thumb Code   228  etharp.o(i.etharp_query)
    etharp_request                           0x08002f31   Thumb Code    32  etharp.o(i.etharp_request)
    etharp_tmr                               0x08002f75   Thumb Code    68  etharp.o(i.etharp_tmr)
    ethernet_input                           0x08003039   Thumb Code   138  etharp.o(i.ethernet_input)
    ethernetif_init                          0x080030c9   Thumb Code    42  ethernetif.o(i.ethernetif_init)
    fputc                                    0x08003135   Thumb Code    18  fputc.o(i.fputc)
    icmp_dest_unreach                        0x08003147   Thumb Code     8  icmp.o(i.icmp_dest_unreach)
    icmp_input                               0x08003151   Thumb Code   242  icmp.o(i.icmp_input)
    inet_chksum                              0x080032b1   Thumb Code    12  inet_chksum.o(i.inet_chksum)
    inet_chksum_pbuf                         0x080032bd   Thumb Code    72  inet_chksum.o(i.inet_chksum_pbuf)
    ip4_addr_isbroadcast                     0x08003305   Thumb Code    46  ip_addr.o(i.ip4_addr_isbroadcast)
    ip_input                                 0x08003335   Thumb Code   358  ip.o(i.ip_input)
    ip_output                                0x080034a5   Thumb Code    52  ip.o(i.ip_output)
    ip_output_if                             0x080034d9   Thumb Code   136  ip.o(i.ip_output_if)
    ip_route                                 0x08003565   Thumb Code    54  ip.o(i.ip_route)
    lwip_htonl                               0x0800381d   Thumb Code     4  def.o(i.lwip_htonl)
    lwip_htons                               0x08003821   Thumb Code     4  def.o(i.lwip_htons)
    lwip_init                                0x08003825   Thumb Code    34  init.o(i.lwip_init)
    lwip_ntohl                               0x08003847   Thumb Code     4  def.o(i.lwip_ntohl)
    lwip_ntohs                               0x0800384b   Thumb Code     4  def.o(i.lwip_ntohs)
    main                                     0x080038a9   Thumb Code    40  main.o(i.main)
    mem_free                                 0x080038dd   Thumb Code    64  mem.o(i.mem_free)
    mem_init                                 0x08003921   Thumb Code    52  mem.o(i.mem_init)
    mem_malloc                               0x0800395d   Thumb Code   208  mem.o(i.mem_malloc)
    mem_trim                                 0x08003a31   Thumb Code   218  mem.o(i.mem_trim)
    memp_free                                0x08003b11   Thumb Code    18  memp.o(i.memp_free)
    memp_init                                0x08003b29   Thumb Code    78  memp.o(i.memp_init)
    memp_malloc                              0x08003b81   Thumb Code    28  memp.o(i.memp_malloc)
    netbuf_data                              0x08003ba1   Thumb Code    38  netbuf.o(i.netbuf_data)
    netbuf_delete                            0x08003bc7   Thumb Code    34  netbuf.o(i.netbuf_delete)
    netbuf_new                               0x08003be9   Thumb Code    24  netbuf.o(i.netbuf_new)
    netbuf_next                              0x08003c01   Thumb Code    30  netbuf.o(i.netbuf_next)
    netbuf_ref                               0x08003c1f   Thumb Code    64  netbuf.o(i.netbuf_ref)
    netconn_accept                           0x08003c5f   Thumb Code    92  api_lib.o(i.netconn_accept)
    netconn_alloc                            0x08003cbb   Thumb Code   120  api_msg.o(i.netconn_alloc)
    netconn_bind                             0x08003d35   Thumb Code    48  api_lib.o(i.netconn_bind)
    netconn_close                            0x08003d69   Thumb Code     6  api_lib.o(i.netconn_close)
    netconn_delete                           0x08003da5   Thumb Code    32  api_lib.o(i.netconn_delete)
    netconn_free                             0x08003e59   Thumb Code    46  api_msg.o(i.netconn_free)
    netconn_listen_with_backlog              0x08003e89   Thumb Code    42  api_lib.o(i.netconn_listen_with_backlog)
    netconn_new_with_proto_and_callback      0x08003eb9   Thumb Code    92  api_lib.o(i.netconn_new_with_proto_and_callback)
    netconn_recv                             0x08003f19   Thumb Code   126  api_lib.o(i.netconn_recv)
    netconn_send                             0x08004045   Thumb Code    44  api_lib.o(i.netconn_send)
    netconn_sendto                           0x08004075   Thumb Code    20  api_lib.o(i.netconn_sendto)
    netconn_write_partly                     0x08004089   Thumb Code   108  api_lib.o(i.netconn_write_partly)
    netif_add                                0x080040f9   Thumb Code    72  netif.o(i.netif_add)
    netif_init                               0x08004145   Thumb Code     2  netif.o(i.netif_init)
    netif_set_addr                           0x08004147   Thumb Code    32  netif.o(i.netif_set_addr)
    netif_set_default                        0x08004169   Thumb Code     6  netif.o(i.netif_set_default)
    netif_set_down                           0x08004175   Thumb Code    26  netif.o(i.netif_set_down)
    netif_set_gw                             0x0800418f   Thumb Code     8  netif.o(i.netif_set_gw)
    netif_set_ipaddr                         0x08004199   Thumb Code    96  netif.o(i.netif_set_ipaddr)
    netif_set_link_callback                  0x08004201   Thumb Code     8  netif.o(i.netif_set_link_callback)
    netif_set_link_down                      0x08004209   Thumb Code    26  netif.o(i.netif_set_link_down)
    netif_set_link_up                        0x08004223   Thumb Code    66  netif.o(i.netif_set_link_up)
    netif_set_netmask                        0x08004265   Thumb Code     8  netif.o(i.netif_set_netmask)
    netif_set_up                             0x0800426d   Thumb Code    32  netif.o(i.netif_set_up)
    pbuf_alloc                               0x0800428d   Thumb Code   280  pbuf.o(i.pbuf_alloc)
    pbuf_cat                                 0x080043a5   Thumb Code    40  pbuf.o(i.pbuf_cat)
    pbuf_chain                               0x080043cd   Thumb Code    18  pbuf.o(i.pbuf_chain)
    pbuf_clen                                0x080043df   Thumb Code    18  pbuf.o(i.pbuf_clen)
    pbuf_copy                                0x080043f1   Thumb Code   154  pbuf.o(i.pbuf_copy)
    pbuf_copy_partial                        0x0800448b   Thumb Code   104  pbuf.o(i.pbuf_copy_partial)
    pbuf_free                                0x080044f3   Thumb Code    68  pbuf.o(i.pbuf_free)
    pbuf_header                              0x08004537   Thumb Code    96  pbuf.o(i.pbuf_header)
    pbuf_realloc                             0x08004597   Thumb Code    78  pbuf.o(i.pbuf_realloc)
    pbuf_ref                                 0x080045e5   Thumb Code    12  pbuf.o(i.pbuf_ref)
    pvPortMalloc                             0x0800493d   Thumb Code   126  heap_4.o(i.pvPortMalloc)
    pxPortInitialiseStack                    0x080049c1   Thumb Code    28  port.o(i.pxPortInitialiseStack)
    raw_bind                                 0x080049dd   Thumb Code    10  raw.o(i.raw_bind)
    raw_input                                0x080049e9   Thumb Code   104  raw.o(i.raw_input)
    raw_new                                  0x08004a5d   Thumb Code    38  raw.o(i.raw_new)
    raw_recv                                 0x08004a89   Thumb Code     6  raw.o(i.raw_recv)
    raw_remove                               0x08004a91   Thumb Code    40  raw.o(i.raw_remove)
    raw_send                                 0x08004abd   Thumb Code     6  raw.o(i.raw_send)
    raw_sendto                               0x08004ac3   Thumb Code   144  raw.o(i.raw_sendto)
    sys_arch_mbox_fetch                      0x08004d39   Thumb Code    80  sys_arch.o(i.sys_arch_mbox_fetch)
    sys_arch_mbox_tryfetch                   0x08004d89   Thumb Code    30  sys_arch.o(i.sys_arch_mbox_tryfetch)
    sys_arch_sem_wait                        0x08004da7   Thumb Code    66  sys_arch.o(i.sys_arch_sem_wait)
    sys_init                                 0x08004de9   Thumb Code     8  sys_arch.o(i.sys_init)
    sys_mbox_free                            0x08004df5   Thumb Code    20  sys_arch.o(i.sys_mbox_free)
    sys_mbox_new                             0x08004e09   Thumb Code    28  sys_arch.o(i.sys_mbox_new)
    sys_mbox_post                            0x08004e25   Thumb Code    26  sys_arch.o(i.sys_mbox_post)
    sys_mbox_set_invalid                     0x08004e3f   Thumb Code     6  sys_arch.o(i.sys_mbox_set_invalid)
    sys_mbox_trypost                         0x08004e45   Thumb Code    28  sys_arch.o(i.sys_mbox_trypost)
    sys_mbox_valid                           0x08004e61   Thumb Code    10  sys_arch.o(i.sys_mbox_valid)
    sys_sem_free                             0x08004e6b   Thumb Code     6  sys_arch.o(i.sys_sem_free)
    sys_sem_new                              0x08004e71   Thumb Code    58  sys_arch.o(i.sys_sem_new)
    sys_sem_set_invalid                      0x08004eab   Thumb Code     6  sys_arch.o(i.sys_sem_set_invalid)
    sys_sem_signal                           0x08004eb1   Thumb Code    12  sys_arch.o(i.sys_sem_signal)
    sys_sem_valid                            0x08004ebd   Thumb Code    10  sys_arch.o(i.sys_sem_valid)
    sys_thread_new                           0x08004ec9   Thumb Code    56  sys_arch.o(i.sys_thread_new)
    sys_timeout                              0x08004f05   Thumb Code    88  timers.o(i.sys_timeout)
    sys_timeouts_init                        0x08004f61   Thumb Code    42  timers.o(i.sys_timeouts_init)
    sys_timeouts_mbox_fetch                  0x08004f99   Thumb Code    92  timers.o(i.sys_timeouts_mbox_fetch)
    sys_untimeout                            0x08004ff9   Thumb Code    68  timers.o(i.sys_untimeout)
    tcp_abandon                              0x08005041   Thumb Code   136  tcp.o(i.tcp_abandon)
    tcp_abort                                0x080050cd   Thumb Code     6  tcp.o(i.tcp_abort)
    tcp_accept                               0x080050d3   Thumb Code     4  tcp.o(i.tcp_accept)
    tcp_alloc                                0x080050dd   Thumb Code   238  tcp.o(i.tcp_alloc)
    tcp_arg                                  0x080051d9   Thumb Code     4  tcp.o(i.tcp_arg)
    tcp_bind                                 0x080051dd   Thumb Code   122  tcp.o(i.tcp_bind)
    tcp_close                                0x08005261   Thumb Code    20  tcp.o(i.tcp_close)
    tcp_eff_send_mss                         0x08005439   Thumb Code    32  tcp.o(i.tcp_eff_send_mss)
    tcp_enqueue_flags                        0x08005459   Thumb Code   166  tcp_out.o(i.tcp_enqueue_flags)
    tcp_err                                  0x080054ff   Thumb Code     6  tcp.o(i.tcp_err)
    tcp_fasttmr                              0x08005505   Thumb Code    90  tcp.o(i.tcp_fasttmr)
    tcp_init                                 0x08005565   Thumb Code     2  tcp.o(i.tcp_init)
    tcp_input                                0x08005569   Thumb Code   758  tcp_in.o(i.tcp_input)
    tcp_keepalive                            0x0800587d   Thumb Code    60  tcp_out.o(i.tcp_keepalive)
    tcp_listen_with_backlog                  0x0800599d   Thumb Code   126  tcp.o(i.tcp_listen_with_backlog)
    tcp_new                                  0x08005a25   Thumb Code     6  tcp.o(i.tcp_new)
    tcp_next_iss                             0x08005a89   Thumb Code    12  tcp.o(i.tcp_next_iss)
    tcp_output                               0x08005a99   Thumb Code   392  tcp_out.o(i.tcp_output)
    tcp_pcb_purge                            0x08005e0f   Thumb Code    58  tcp.o(i.tcp_pcb_purge)
    tcp_pcb_remove                           0x08005e49   Thumb Code    82  tcp.o(i.tcp_pcb_remove)
    tcp_poll                                 0x08005ea1   Thumb Code    10  tcp.o(i.tcp_poll)
    tcp_process_refused_data                 0x080061e1   Thumb Code   102  tcp.o(i.tcp_process_refused_data)
    tcp_recv                                 0x0800665b   Thumb Code     4  tcp.o(i.tcp_recv)
    tcp_recv_null                            0x0800665f   Thumb Code    36  tcp.o(i.tcp_recv_null)
    tcp_recved                               0x08006683   Thumb Code    56  tcp.o(i.tcp_recved)
    tcp_rexmit                               0x080066bb   Thumb Code    82  tcp_out.o(i.tcp_rexmit)
    tcp_rexmit_fast                          0x0800670d   Thumb Code    88  tcp_out.o(i.tcp_rexmit_fast)
    tcp_rexmit_rto                           0x08006765   Thumb Code    46  tcp_out.o(i.tcp_rexmit_rto)
    tcp_rst                                  0x08006793   Thumb Code   118  tcp_out.o(i.tcp_rst)
    tcp_seg_free                             0x08006809   Thumb Code    28  tcp.o(i.tcp_seg_free)
    tcp_segs_free                            0x08006825   Thumb Code    18  tcp.o(i.tcp_segs_free)
    tcp_send_empty_ack                       0x08006837   Thumb Code    72  tcp_out.o(i.tcp_send_empty_ack)
    tcp_send_fin                             0x0800687f   Thumb Code    68  tcp_out.o(i.tcp_send_fin)
    tcp_sent                                 0x080068c3   Thumb Code     4  tcp.o(i.tcp_sent)
    tcp_shutdown                             0x080068c7   Thumb Code    78  tcp.o(i.tcp_shutdown)
    tcp_slowtmr                              0x08006915   Thumb Code   588  tcp.o(i.tcp_slowtmr)
    tcp_timer_needed                         0x08006b71   Thumb Code    36  timers.o(i.tcp_timer_needed)
    tcp_tmr                                  0x08006c11   Thumb Code    28  tcp.o(i.tcp_tmr)
    tcp_update_rcv_ann_wnd                   0x08006c31   Thumb Code    52  tcp.o(i.tcp_update_rcv_ann_wnd)
    tcp_write                                0x08006c65   Thumb Code   764  tcp_out.o(i.tcp_write)
    tcp_zero_window_probe                    0x08006f61   Thumb Code   138  tcp_out.o(i.tcp_zero_window_probe)
    tcpecho_init                             0x08006fed   Thumb Code    22  tcpecho.o(i.tcpecho_init)
    tcpip_apimsg                             0x080070dd   Thumb Code    58  tcpip.o(i.tcpip_apimsg)
    tcpip_init                               0x0800711d   Thumb Code    44  tcpip.o(i.tcpip_init)
    tcpip_input                              0x08007159   Thumb Code    70  tcpip.o(i.tcpip_input)
    udp_bind                                 0x0800725d   Thumb Code   148  udp.o(i.udp_bind)
    udp_init                                 0x080072f5   Thumb Code     2  udp.o(i.udp_init)
    udp_input                                0x080072f9   Thumb Code   364  udp.o(i.udp_input)
    udp_new                                  0x08007471   Thumb Code    26  udp.o(i.udp_new)
    udp_recv                                 0x0800748b   Thumb Code     6  udp.o(i.udp_recv)
    udp_remove                               0x08007491   Thumb Code    40  udp.o(i.udp_remove)
    udp_send                                 0x080074bd   Thumb Code     8  udp.o(i.udp_send)
    udp_sendto                               0x080074c5   Thumb Code    40  udp.o(i.udp_sendto)
    udp_sendto_if                            0x080074ed   Thumb Code   182  udp.o(i.udp_sendto_if)
    udpecho_init                             0x080075a5   Thumb Code    22  udpecho.o(i.udpecho_init)
    uxListRemove                             0x08007689   Thumb Code    38  list.o(i.uxListRemove)
    uxQueueMessagesWaiting                   0x080076af   Thumb Code    26  queue.o(i.uxQueueMessagesWaiting)
    vListInitialise                          0x080076c9   Thumb Code    22  list.o(i.vListInitialise)
    vListInitialiseItem                      0x080076df   Thumb Code     6  list.o(i.vListInitialiseItem)
    vListInsert                              0x080076e5   Thumb Code    48  list.o(i.vListInsert)
    vListInsertEnd                           0x08007715   Thumb Code    28  list.o(i.vListInsertEnd)
    vPortEnterCritical                       0x08007731   Thumb Code    16  port.o(i.vPortEnterCritical)
    vPortExitCritical                        0x08007745   Thumb Code    16  port.o(i.vPortExitCritical)
    vPortFree                                0x08007759   Thumb Code    40  heap_4.o(i.vPortFree)
    vPortSetupTimerInterrupt                 0x08007785   Thumb Code    26  port.o(i.vPortSetupTimerInterrupt)
    vPortYieldFromISR                        0x080077a5   Thumb Code    10  port.o(i.vPortYieldFromISR)
    vQueueDelete                             0x080077b5   Thumb Code    58  queue.o(i.vQueueDelete)
    vTaskDelay                               0x080077f5   Thumb Code    48  tasks.o(i.vTaskDelay)
    vTaskDelete                              0x08007829   Thumb Code    90  tasks.o(i.vTaskDelete)
    vTaskIncrementTick                       0x0800788d   Thumb Code   162  tasks.o(i.vTaskIncrementTick)
    vTaskMissedYield                         0x08007939   Thumb Code     8  tasks.o(i.vTaskMissedYield)
    vTaskPlaceOnEventList                    0x08007945   Thumb Code    42  tasks.o(i.vTaskPlaceOnEventList)
    vTaskPriorityDisinherit                  0x08007975   Thumb Code    64  tasks.o(i.vTaskPriorityDisinherit)
    vTaskPriorityInherit                     0x080079bd   Thumb Code    92  tasks.o(i.vTaskPriorityInherit)
    vTaskSetTimeOutState                     0x08007a21   Thumb Code    22  tasks.o(i.vTaskSetTimeOutState)
    vTaskStartScheduler                      0x08007a3d   Thumb Code    60  tasks.o(i.vTaskStartScheduler)
    vTaskSuspendAll                          0x08007a89   Thumb Code    10  tasks.o(i.vTaskSuspendAll)
    vTaskSwitchContext                       0x08007a99   Thumb Code    78  tasks.o(i.vTaskSwitchContext)
    xPortStartScheduler                      0x08007af1   Thumb Code    38  port.o(i.xPortStartScheduler)
    xPortSysTickHandler                      0x08007b21   Thumb Code    28  port.o(i.xPortSysTickHandler)
    xQueueGenericCreate                      0x08007b41   Thumb Code    70  queue.o(i.xQueueGenericCreate)
    xQueueGenericReceive                     0x08007b89   Thumb Code   288  queue.o(i.xQueueGenericReceive)
    xQueueGenericReset                       0x08007ca9   Thumb Code    98  queue.o(i.xQueueGenericReset)
    xQueueGenericSend                        0x08007d0b   Thumb Code   234  queue.o(i.xQueueGenericSend)
    xQueueGenericSendFromISR                 0x08007df5   Thumb Code   116  queue.o(i.xQueueGenericSendFromISR)
    xTaskCheckForTimeOut                     0x08007e69   Thumb Code    84  tasks.o(i.xTaskCheckForTimeOut)
    xTaskGenericCreate                       0x08007ec1   Thumb Code   366  tasks.o(i.xTaskGenericCreate)
    xTaskGetCurrentTaskHandle                0x08008039   Thumb Code     6  tasks.o(i.xTaskGetCurrentTaskHandle)
    xTaskGetTickCount                        0x08008045   Thumb Code    18  tasks.o(i.xTaskGetTickCount)
    xTaskRemoveFromEventList                 0x0800805d   Thumb Code    88  tasks.o(i.xTaskRemoveFromEventList)
    xTaskResumeAll                           0x080080bd   Thumb Code   168  tasks.o(i.xTaskResumeAll)
    tcp_persist_backoff                      0x080081b0   Data           7  tcp.o(.constdata)
    tcp_state_str                            0x080081b8   Data          44  tcp.o(.constdata)
    tcp_backoff                              0x080081e4   Data          13  tcp.o(.constdata)
    tcp_pcb_lists                            0x080081f4   Data          16  tcp.o(.constdata)
    ip_addr_any                              0x08008204   Data           4  ip_addr.o(.constdata)
    ip_addr_broadcast                        0x08008208   Data           4  ip_addr.o(.constdata)
    ethbroadcast                             0x0800820c   Data           6  etharp.o(.constdata)
    ethzero                                  0x08008212   Data           6  etharp.o(.constdata)
    ASCII16x24_Table                         0x08008218   Data        4560  stm324x7i_eval_lcd.o(.constdata)
    Region$$Table$$Base                      0x08009460   Number         0  anon$$obj.o(Region$$Table)
    Region$$Table$$Limit                     0x08009480   Number         0  anon$$obj.o(Region$$Table)
    SystemCoreClock                          0x20000000   Data           4  system_stm32f4xx.o(.data)
    AHBPrescTable                            0x20000004   Data          16  system_stm32f4xx.o(.data)
    test                                     0x20000014   Data           4  main.o(.data)
    EthStatus                                0x20000018   Data           4  stm32f4x7_eth_bsp.o(.data)
    ETH_link_xSemaphore                      0x2000001c   Data           4  stm32f4x7_eth_bsp.o(.data)
    netif_list                               0x20000050   Data           4  netif.o(.data)
    netif_default                            0x20000054   Data           4  netif.o(.data)
    tcp_active_pcbs_changed                  0x2000005c   Data           1  tcp.o(.data)
    tcp_ticks                                0x20000068   Data           4  tcp.o(.data)
    tcp_bound_pcbs                           0x2000006c   Data           4  tcp.o(.data)
    tcp_listen_pcbs                          0x20000070   Data           4  tcp.o(.data)
    tcp_active_pcbs                          0x20000074   Data           4  tcp.o(.data)
    tcp_tw_pcbs                              0x20000078   Data           4  tcp.o(.data)
    tcp_tmp_pcb                              0x2000007c   Data           4  tcp.o(.data)
    tcp_input_pcb                            0x20000098   Data           4  tcp_in.o(.data)
    udp_pcbs                                 0x200000a0   Data           4  udp.o(.data)
    current_netif                            0x200000a8   Data           4  ip.o(.data)
    current_header                           0x200000ac   Data           4  ip.o(.data)
    current_iphdr_src                        0x200000b0   Data           4  ip.o(.data)
    current_iphdr_dest                       0x200000b4   Data           4  ip.o(.data)
    s_xSemaphore                             0x200000c0   Data           4  ethernetif.o(.data)
    DMATxDescToSet                           0x200000e4   Data           4  stm32f4x7_eth.o(.data)
    DMARxDescToGet                           0x200000e8   Data           4  stm32f4x7_eth.o(.data)
    DMA_RX_FRAME_infos                       0x200000ec   Data           4  stm32f4x7_eth.o(.data)
    TextColor                                0x200000f0   Data           2  stm324x7i_eval_lcd.o(.data)
    BackColor                                0x200000f2   Data           2  stm324x7i_eval_lcd.o(.data)
    Font16x24                                0x200000f8   Data           8  stm324x7i_eval_lcd.o(.data)
    pxCurrentTCB                             0x20000110   Data           4  tasks.o(.data)
    __stdout                                 0x20000150   Data           4  stdout.o(.data)
    xnetif                                   0x20000154   Data          56  netconf.o(.bss)
    ETH_InitStructure                        0x2000018c   Data         188  stm32f4x7_eth_bsp.o(.bss)
    ram_heap                                 0x20000248   Data        5140  mem.o(.bss)
    DMARxDscrTab                             0x200051b0   Data         128  stm32f4x7_eth.o(.bss)
    DMATxDscrTab                             0x20005230   Data         128  stm32f4x7_eth.o(.bss)
    Rx_Buff                                  0x200052b0   Data        6096  stm32f4x7_eth.o(.bss)
    Tx_Buff                                  0x20006a80   Data        6096  stm32f4x7_eth.o(.bss)
    RX_Frame_Descriptor                      0x20008250   Data          12  stm32f4x7_eth.o(.bss)
    xQueueRegistry                           0x2000bf80   Data          64  queue.o(.bss)
    __initial_sp                             0x2000c3c0   Data           0  startup_stm32f427x.o(STACK)



==============================================================================

Memory Map of the image

  Image Entry point : 0x0800019d

  Load Region LR_IROM1 (Base: 0x08000000, Size: 0x000095d4, Max: 0x00100000, ABSOLUTE, COMPRESSED[0x000094bc])

    Execution Region ER_IROM1 (Base: 0x08000000, Size: 0x00009480, Max: 0x00100000, ABSOLUTE)

    Base Addr    Size         Type   Attr      Idx    E Section Name        Object

    0x08000000   0x0000019c   Data   RO          143    RESET               startup_stm32f427x.o
    0x0800019c   0x00000000   Code   RO         5968  * .ARM.Collect$$$$00000000  mc_w.l(entry.o)
    0x0800019c   0x00000004   Code   RO         6254    .ARM.Collect$$$$00000001  mc_w.l(entry2.o)
    0x080001a0   0x00000004   Code   RO         6257    .ARM.Collect$$$$00000004  mc_w.l(entry5.o)
    0x080001a4   0x00000000   Code   RO         6259    .ARM.Collect$$$$00000008  mc_w.l(entry7b.o)
    0x080001a4   0x00000000   Code   RO         6261    .ARM.Collect$$$$0000000A  mc_w.l(entry8b.o)
    0x080001a4   0x00000008   Code   RO         6262    .ARM.Collect$$$$0000000B  mc_w.l(entry9a.o)
    0x080001ac   0x00000000   Code   RO         6264    .ARM.Collect$$$$0000000D  mc_w.l(entry10a.o)
    0x080001ac   0x00000000   Code   RO         6266    .ARM.Collect$$$$0000000F  mc_w.l(entry11a.o)
    0x080001ac   0x00000004   Code   RO         6255    .ARM.Collect$$$$00002712  mc_w.l(entry2.o)
    0x080001b0   0x00000084   Code   RO         5908    .emb_text           port.o
    0x08000234   0x00000024   Code   RO          144    .text               startup_stm32f427x.o
    0x08000258   0x00000024   Code   RO         5971    .text               mc_w.l(memcpya.o)
    0x0800027c   0x00000024   Code   RO         5973    .text               mc_w.l(memseta.o)
    0x080002a0   0x00000018   Code   RO         5977    .text               mc_w.l(strncpy.o)
    0x080002b8   0x0000001a   Code   RO         5981    .text               mc_w.l(memcmp.o)
    0x080002d2   0x0000002c   Code   RO         6271    .text               mc_w.l(uidiv.o)
    0x080002fe   0x00000002   PAD
    0x08000300   0x00000024   Code   RO         6286    .text               mc_w.l(init.o)
    0x08000324   0x00000000   Code   RO         6288    .text               mc_w.l(semi.o)
    0x08000324   0x00000000   Code   RO         6295    .text               mc_w.l(iusesemip.o)
    0x08000324   0x00000056   Code   RO         6304    .text               mc_w.l(__dczerorl2.o)
    0x0800037a   0x00000002   Code   RO          463    i.BusFault_Handler  stm32f4xx_it.o
    0x0800037c   0x00000002   Code   RO          464    i.DebugMon_Handler  stm32f4xx_it.o
    0x0800037e   0x00000004   Code   RO          150    i.Delay             main.o
    0x08000382   0x00000002   PAD
    0x08000384   0x0000008c   Code   RO          396    i.ETH_BSP_Config    stm32f4x7_eth_bsp.o
    0x08000410   0x0000000c   Code   RO         4547    i.ETH_DMAClearITPendingBit  stm32f4x7_eth.o
    0x0800041c   0x00000018   Code   RO         4548    i.ETH_DMAITConfig   stm32f4x7_eth.o
    0x08000434   0x0000001c   Code   RO         4549    i.ETH_DMAReceptionCmd  stm32f4x7_eth.o
    0x08000450   0x00000058   Code   RO         4550    i.ETH_DMARxDescChainInit  stm32f4x7_eth.o
    0x080004a8   0x00000012   Code   RO         4551    i.ETH_DMARxDescReceiveITConfig  stm32f4x7_eth.o
    0x080004ba   0x00000002   PAD
    0x080004bc   0x0000001c   Code   RO         4552    i.ETH_DMATransmissionCmd  stm32f4x7_eth.o
    0x080004d8   0x00000048   Code   RO         4555    i.ETH_DMATxDescChainInit  stm32f4x7_eth.o
    0x08000520   0x00000008   Code   RO         4556    i.ETH_DMATxDescChecksumInsertionConfig  stm32f4x7_eth.o
    0x08000528   0x00000018   Code   RO         4561    i.ETH_DeInit        stm32f4x7_eth.o
    0x08000540   0x00000020   Code   RO         4563    i.ETH_FlushTransmitFIFO  stm32f4x7_eth.o
    0x08000560   0x00000164   Code   RO          397    i.ETH_GPIO_Config   stm32f4x7_eth_bsp.o
    0x080006c4   0x00000014   Code   RO         4569    i.ETH_GetDMAFlagStatus  stm32f4x7_eth.o
    0x080006d8   0x00000014   Code   RO         4589    i.ETH_GetSoftwareResetStatus  stm32f4x7_eth.o
    0x080006ec   0x0000008c   Code   RO         4592    i.ETH_Get_Received_Frame_interrupt  stm32f4x7_eth.o
    0x08000778   0x0000003c   Code   RO          465    i.ETH_IRQHandler    stm32f4xx_it.o
    0x080007b4   0x0000029c   Code   RO         4594    i.ETH_Init          stm32f4x7_eth.o
    0x08000a50   0x0000001c   Code   RO         4596    i.ETH_MACAddressConfig  stm32f4x7_eth.o
    0x08000a6c   0x00000094   Code   RO          398    i.ETH_MACDMA_Config  stm32f4x7_eth_bsp.o
    0x08000b00   0x00000030   Code   RO         4601    i.ETH_MACReceptionCmd  stm32f4x7_eth.o
    0x08000b30   0x00000030   Code   RO         4602    i.ETH_MACTransmissionCmd  stm32f4x7_eth.o
    0x08000b60   0x000000ac   Code   RO         4613    i.ETH_Prepare_Transmit_Descriptors  stm32f4x7_eth.o
    0x08000c0c   0x00000058   Code   RO         4614    i.ETH_ReadPHYRegister  stm32f4x7_eth.o
    0x08000c64   0x00000010   Code   RO         4622    i.ETH_SoftwareReset  stm32f4x7_eth.o
    0x08000c74   0x00000022   Code   RO         4623    i.ETH_Start         stm32f4x7_eth.o
    0x08000c96   0x00000022   Code   RO         4624    i.ETH_Stop          stm32f4x7_eth.o
    0x08000cb8   0x00000088   Code   RO         4625    i.ETH_StructInit    stm32f4x7_eth.o
    0x08000d40   0x00000054   Code   RO         4627    i.ETH_WritePHYRegister  stm32f4x7_eth.o
    0x08000d94   0x0000025c   Code   RO          399    i.ETH_link_callback  stm32f4x7_eth_bsp.o
    0x08000ff0   0x00000038   Code   RO          466    i.EXTI15_10_IRQHandler  stm32f4xx_it.o
    0x08001028   0x0000000c   Code   RO         3297    i.EXTI_ClearITPendingBit  stm32f4xx_exti.o
    0x08001034   0x00000020   Code   RO         3301    i.EXTI_GetITStatus  stm32f4xx_exti.o
    0x08001054   0x00000070   Code   RO         3302    i.EXTI_Init         stm32f4xx_exti.o
    0x080010c4   0x0000006c   Code   RO          400    i.Eth_Link_EXTIConfig  stm32f4x7_eth_bsp.o
    0x08001130   0x00000044   Code   RO          401    i.Eth_Link_IT_task  stm32f4x7_eth_bsp.o
    0x08001174   0x00000036   Code   RO          402    i.Eth_Link_PHYITConfig  stm32f4x7_eth_bsp.o
    0x080011aa   0x000000a2   Code   RO         3693    i.GPIO_Init         stm32f4xx_gpio.o
    0x0800124c   0x00000020   Code   RO         3694    i.GPIO_PinAFConfig  stm32f4xx_gpio.o
    0x0800126c   0x00000004   Code   RO         3701    i.GPIO_SetBits      stm32f4xx_gpio.o
    0x08001270   0x00000002   Code   RO          467    i.HardFault_Handler  stm32f4xx_it.o
    0x08001272   0x00000002   PAD
    0x08001274   0x00000030   Code   RO         5175    i.LCD_ClearLine     stm324x7i_eval_lcd.o
    0x080012a4   0x00000020   Code   RO         5180    i.LCD_DisplayChar   stm324x7i_eval_lcd.o
    0x080012c4   0x00000038   Code   RO         5183    i.LCD_DisplayStringLine  stm324x7i_eval_lcd.o
    0x080012fc   0x0000007c   Code   RO         5184    i.LCD_DrawChar      stm324x7i_eval_lcd.o
    0x08001378   0x0000000c   Code   RO         5195    i.LCD_GetFont       stm324x7i_eval_lcd.o
    0x08001384   0x00000070   Code   RO          151    i.LCD_LED_Init      main.o
    0x080013f4   0x00000018   Code   RO         5205    i.LCD_SetCursor     stm324x7i_eval_lcd.o
    0x0800140c   0x00000010   Code   RO         5208    i.LCD_SetTextColor  stm324x7i_eval_lcd.o
    0x0800141c   0x0000000a   Code   RO         5213    i.LCD_WriteReg      stm324x7i_eval_lcd.o
    0x08001426   0x00000002   PAD
    0x08001428   0x00000148   Code   RO          333    i.LwIP_Init         netconf.o
    0x08001570   0x00000044   Code   RO          152    i.Main_task         main.o
    0x080015b4   0x00000002   Code   RO          468    i.MemManage_Handler  stm32f4xx_it.o
    0x080015b6   0x00000002   Code   RO          469    i.NMI_Handler       stm32f4xx_it.o
    0x080015b8   0x00000064   Code   RO         2882    i.NVIC_Init         misc.o
    0x0800161c   0x00000014   Code   RO         2883    i.NVIC_PriorityGroupConfig  misc.o
    0x08001630   0x00000018   Code   RO         3790    i.RCC_AHB1PeriphClockCmd  stm32f4xx_rcc.o
    0x08001648   0x00000018   Code   RO         3792    i.RCC_AHB1PeriphResetCmd  stm32f4xx_rcc.o
    0x08001660   0x00000018   Code   RO         3802    i.RCC_APB2PeriphClockCmd  stm32f4xx_rcc.o
    0x08001678   0x00000094   Code   RO         3811    i.RCC_GetClocksFreq  stm32f4xx_rcc.o
    0x0800170c   0x0000000c   Code   RO         4272    i.SYSCFG_ETH_MediaInterfaceConfig  stm32f4xx_syscfg.o
    0x08001718   0x00000030   Code   RO         4273    i.SYSCFG_EXTILineConfig  stm32f4xx_syscfg.o
    0x08001748   0x000000cc   Code   RO            3    i.SetSysClock       system_stm32f4xx.o
    0x08001814   0x00000004   Code   RO          470    i.SysTick_Handler   stm32f4xx_it.o
    0x08001818   0x0000005c   Code   RO            5    i.SystemInit        system_stm32f4xx.o
    0x08001874   0x0000002c   Code   RO          153    i.ToggleLed4        main.o
    0x080018a0   0x00000002   Code   RO          471    i.UsageFault_Handler  stm32f4xx_it.o
    0x080018a2   0x00000002   PAD
    0x080018a4   0x00000020   Code   RO         6074    i.__0printf$3       mc_w.l(printf3.o)
    0x080018c4   0x00000028   Code   RO         6076    i.__0sprintf$3      mc_w.l(printf3.o)
    0x080018ec   0x0000000e   Code   RO         6298    i.__scatterload_copy  mc_w.l(handlers.o)
    0x080018fa   0x00000002   Code   RO         6299    i.__scatterload_null  mc_w.l(handlers.o)
    0x080018fc   0x0000000e   Code   RO         6300    i.__scatterload_zeroinit  mc_w.l(handlers.o)
    0x0800190a   0x00000002   PAD
    0x0800190c   0x000001b8   Code   RO         6081    i._printf_core      mc_w.l(printf3.o)
    0x08001ac4   0x0000000a   Code   RO         6083    i._sputc            mc_w.l(printf3.o)
    0x08001ace   0x0000009e   Code   RO          746    i.accept_function   api_msg.o
    0x08001b6c   0x0000001c   Code   RO         2405    i.arp_timer         ethernetif.o
    0x08001b88   0x0000001c   Code   RO         2610    i.arp_timer         timers.o
    0x08001ba4   0x0000001e   Code   RO         1100    i.dhcp_arp_reply    dhcp.o
    0x08001bc2   0x000000c0   Code   RO         1101    i.dhcp_bind         dhcp.o
    0x08001c82   0x00000026   Code   RO         1102    i.dhcp_check        dhcp.o
    0x08001ca8   0x00000060   Code   RO         1104    i.dhcp_coarse_tmr   dhcp.o
    0x08001d08   0x00000124   Code   RO         1105    i.dhcp_create_msg   dhcp.o
    0x08001e2c   0x0000006c   Code   RO         1106    i.dhcp_decline      dhcp.o
    0x08001e98   0x00000016   Code   RO         1107    i.dhcp_delete_msg   dhcp.o
    0x08001eae   0x00000002   PAD
    0x08001eb0   0x000000bc   Code   RO         1108    i.dhcp_discover     dhcp.o
    0x08001f6c   0x00000034   Code   RO         1109    i.dhcp_fine_tmr     dhcp.o
    0x08001fa0   0x00000046   Code   RO         1112    i.dhcp_network_changed  dhcp.o
    0x08001fe6   0x00000020   Code   RO         1113    i.dhcp_option       dhcp.o
    0x08002006   0x00000010   Code   RO         1114    i.dhcp_option_byte  dhcp.o
    0x08002016   0x00000042   Code   RO         1115    i.dhcp_option_long  dhcp.o
    0x08002058   0x00000022   Code   RO         1116    i.dhcp_option_short  dhcp.o
    0x0800207a   0x0000002c   Code   RO         1117    i.dhcp_option_trailer  dhcp.o
    0x080020a6   0x00000002   PAD
    0x080020a8   0x00000088   Code   RO         1119    i.dhcp_rebind       dhcp.o
    0x08002130   0x000000a0   Code   RO         1120    i.dhcp_reboot       dhcp.o
    0x080021d0   0x000000a4   Code   RO         1122    i.dhcp_release      dhcp.o
    0x08002274   0x00000084   Code   RO         1123    i.dhcp_renew        dhcp.o
    0x080022f8   0x000000e8   Code   RO         1124    i.dhcp_select       dhcp.o
    0x080023e0   0x00000010   Code   RO         1125    i.dhcp_set_state    dhcp.o
    0x080023f0   0x00000088   Code   RO         1129    i.dhcp_timeout      dhcp.o
    0x08002478   0x0000001c   Code   RO         2611    i.dhcp_timer_coarse  timers.o
    0x08002494   0x0000001c   Code   RO         2612    i.dhcp_timer_fine   timers.o
    0x080024b0   0x0000005c   Code   RO          747    i.do_bind           api_msg.o
    0x0800250c   0x00000054   Code   RO          748    i.do_close          api_msg.o
    0x08002560   0x000000ec   Code   RO          749    i.do_close_internal  api_msg.o
    0x0800264c   0x00000094   Code   RO          752    i.do_delconn        api_msg.o
    0x080026e0   0x000000b0   Code   RO          755    i.do_listen         api_msg.o
    0x08002790   0x00000020   Code   RO          756    i.do_newconn        api_msg.o
    0x080027b0   0x00000042   Code   RO          757    i.do_recv           api_msg.o
    0x080027f2   0x00000080   Code   RO          758    i.do_send           api_msg.o
    0x08002872   0x00000042   Code   RO          759    i.do_write          api_msg.o
    0x080028b4   0x00000104   Code   RO          760    i.do_writemore      api_msg.o
    0x080029b8   0x0000008e   Code   RO          761    i.err_tcp           api_msg.o
    0x08002a46   0x000000ce   Code   RO         2312    i.etharp_arp_input  etharp.o
    0x08002b14   0x00000030   Code   RO         2313    i.etharp_cleanup_netif  etharp.o
    0x08002b44   0x000000dc   Code   RO         2315    i.etharp_find_entry  etharp.o
    0x08002c20   0x0000003c   Code   RO         2316    i.etharp_free_entry  etharp.o
    0x08002c5c   0x00000104   Code   RO         2317    i.etharp_output     etharp.o
    0x08002d60   0x00000044   Code   RO         2318    i.etharp_output_to_arp_index  etharp.o
    0x08002da4   0x000000ec   Code   RO         2319    i.etharp_query      etharp.o
    0x08002e90   0x000000a0   Code   RO         2320    i.etharp_raw        etharp.o
    0x08002f30   0x00000024   Code   RO         2321    i.etharp_request    etharp.o
    0x08002f54   0x00000020   Code   RO         2322    i.etharp_send_ip    etharp.o
    0x08002f74   0x00000048   Code   RO         2323    i.etharp_tmr        etharp.o
    0x08002fbc   0x0000007c   Code   RO         2324    i.etharp_update_arp_entry  etharp.o
    0x08003038   0x00000090   Code   RO         2325    i.ethernet_input    etharp.o
    0x080030c8   0x00000038   Code   RO         2406    i.ethernetif_init   ethernetif.o
    0x08003100   0x00000034   Code   RO         2407    i.ethernetif_input  ethernetif.o
    0x08003134   0x00000012   Code   RO         6268    i.fputc             mc_w.l(fputc.o)
    0x08003146   0x00000008   Code   RO         2143    i.icmp_dest_unreach  icmp.o
    0x0800314e   0x00000002   PAD
    0x08003150   0x000000fc   Code   RO         2144    i.icmp_input        icmp.o
    0x0800324c   0x00000064   Code   RO         2145    i.icmp_send_response  icmp.o
    0x080032b0   0x0000000c   Code   RO         2181    i.inet_chksum       inet_chksum.o
    0x080032bc   0x00000048   Code   RO         2182    i.inet_chksum_pbuf  inet_chksum.o
    0x08003304   0x0000002e   Code   RO         2252    i.ip4_addr_isbroadcast  ip_addr.o
    0x08003332   0x00000002   PAD
    0x08003334   0x00000170   Code   RO         2216    i.ip_input          ip.o
    0x080034a4   0x00000034   Code   RO         2217    i.ip_output         ip.o
    0x080034d8   0x0000008c   Code   RO         2218    i.ip_output_if      ip.o
    0x08003564   0x00000040   Code   RO         2219    i.ip_route          ip.o
    0x080035a4   0x000000ec   Code   RO         2408    i.low_level_init    ethernetif.o
    0x08003690   0x000000b8   Code   RO         2409    i.low_level_input   ethernetif.o
    0x08003748   0x000000d4   Code   RO         2410    i.low_level_output  ethernetif.o
    0x0800381c   0x00000004   Code   RO         2580    i.lwip_htonl        def.o
    0x08003820   0x00000004   Code   RO         2581    i.lwip_htons        def.o
    0x08003824   0x00000022   Code   RO         1283    i.lwip_init         init.o
    0x08003846   0x00000004   Code   RO         2582    i.lwip_ntohl        def.o
    0x0800384a   0x00000004   Code   RO         2583    i.lwip_ntohs        def.o
    0x0800384e   0x00000002   PAD
    0x08003850   0x00000058   Code   RO         2185    i.lwip_standard_chksum  inet_chksum.o
    0x080038a8   0x00000034   Code   RO          154    i.main              main.o
    0x080038dc   0x00000044   Code   RO         1321    i.mem_free          mem.o
    0x08003920   0x0000003c   Code   RO         1322    i.mem_init          mem.o
    0x0800395c   0x000000d4   Code   RO         1323    i.mem_malloc        mem.o
    0x08003a30   0x000000e0   Code   RO         1324    i.mem_trim          mem.o
    0x08003b10   0x00000018   Code   RO         1365    i.memp_free         memp.o
    0x08003b28   0x00000058   Code   RO         1366    i.memp_init         memp.o
    0x08003b80   0x00000020   Code   RO         1367    i.memp_malloc       memp.o
    0x08003ba0   0x00000026   Code   RO          918    i.netbuf_data       netbuf.o
    0x08003bc6   0x00000022   Code   RO          919    i.netbuf_delete     netbuf.o
    0x08003be8   0x00000018   Code   RO          922    i.netbuf_new        netbuf.o
    0x08003c00   0x0000001e   Code   RO          923    i.netbuf_next       netbuf.o
    0x08003c1e   0x00000040   Code   RO          924    i.netbuf_ref        netbuf.o
    0x08003c5e   0x0000005c   Code   RO          598    i.netconn_accept    api_lib.o
    0x08003cba   0x00000078   Code   RO          762    i.netconn_alloc     api_msg.o
    0x08003d32   0x00000002   PAD
    0x08003d34   0x00000034   Code   RO          599    i.netconn_bind      api_lib.o
    0x08003d68   0x00000006   Code   RO          600    i.netconn_close     api_lib.o
    0x08003d6e   0x00000002   PAD
    0x08003d70   0x00000034   Code   RO          601    i.netconn_close_shutdown  api_lib.o
    0x08003da4   0x00000024   Code   RO          603    i.netconn_delete    api_lib.o
    0x08003dc8   0x00000090   Code   RO          763    i.netconn_drain     api_msg.o
    0x08003e58   0x0000002e   Code   RO          764    i.netconn_free      api_msg.o
    0x08003e86   0x00000002   PAD
    0x08003e88   0x00000030   Code   RO          606    i.netconn_listen_with_backlog  api_lib.o
    0x08003eb8   0x00000060   Code   RO          607    i.netconn_new_with_proto_and_callback  api_lib.o
    0x08003f18   0x0000007e   Code   RO          608    i.netconn_recv      api_lib.o
    0x08003f96   0x00000002   PAD
    0x08003f98   0x000000ac   Code   RO          609    i.netconn_recv_data  api_lib.o
    0x08004044   0x00000030   Code   RO          612    i.netconn_send      api_lib.o
    0x08004074   0x00000014   Code   RO          613    i.netconn_sendto    api_lib.o
    0x08004088   0x00000070   Code   RO          615    i.netconn_write_partly  api_lib.o
    0x080040f8   0x0000004c   Code   RO         1409    i.netif_add         netif.o
    0x08004144   0x00000002   Code   RO         1411    i.netif_init        netif.o
    0x08004146   0x00000020   Code   RO         1413    i.netif_set_addr    netif.o
    0x08004166   0x00000002   PAD
    0x08004168   0x0000000c   Code   RO         1414    i.netif_set_default  netif.o
    0x08004174   0x0000001a   Code   RO         1415    i.netif_set_down    netif.o
    0x0800418e   0x00000008   Code   RO         1416    i.netif_set_gw      netif.o
    0x08004196   0x00000002   PAD
    0x08004198   0x00000068   Code   RO         1417    i.netif_set_ipaddr  netif.o
    0x08004200   0x00000008   Code   RO         1418    i.netif_set_link_callback  netif.o
    0x08004208   0x0000001a   Code   RO         1419    i.netif_set_link_down  netif.o
    0x08004222   0x00000042   Code   RO         1420    i.netif_set_link_up  netif.o
    0x08004264   0x00000008   Code   RO         1421    i.netif_set_netmask  netif.o
    0x0800426c   0x00000020   Code   RO         1422    i.netif_set_up      netif.o
    0x0800428c   0x00000118   Code   RO         1505    i.pbuf_alloc        pbuf.o
    0x080043a4   0x00000028   Code   RO         1506    i.pbuf_cat          pbuf.o
    0x080043cc   0x00000012   Code   RO         1507    i.pbuf_chain        pbuf.o
    0x080043de   0x00000012   Code   RO         1508    i.pbuf_clen         pbuf.o
    0x080043f0   0x0000009a   Code   RO         1510    i.pbuf_copy         pbuf.o
    0x0800448a   0x00000068   Code   RO         1511    i.pbuf_copy_partial  pbuf.o
    0x080044f2   0x00000044   Code   RO         1513    i.pbuf_free         pbuf.o
    0x08004536   0x00000060   Code   RO         1515    i.pbuf_header       pbuf.o
    0x08004596   0x0000004e   Code   RO         1518    i.pbuf_realloc      pbuf.o
    0x080045e4   0x0000000c   Code   RO         1519    i.pbuf_ref          pbuf.o
    0x080045f0   0x00000084   Code   RO          765    i.pcb_new           api_msg.o
    0x08004674   0x00000054   Code   RO         1325    i.plug_holes        mem.o
    0x080046c8   0x00000052   Code   RO          766    i.poll_tcp          api_msg.o
    0x0800471a   0x00000002   PAD
    0x0800471c   0x00000034   Code   RO         5495    i.prvAddCurrentTaskToDelayedList  tasks.o
    0x08004750   0x00000054   Code   RO         5496    i.prvCheckTasksWaitingTermination  tasks.o
    0x080047a4   0x00000028   Code   RO         5767    i.prvCopyDataFromQueue  queue.o
    0x080047cc   0x0000005a   Code   RO         5768    i.prvCopyDataToQueue  queue.o
    0x08004826   0x00000002   PAD
    0x08004828   0x0000004c   Code   RO         5446    i.prvHeapInit       heap_4.o
    0x08004874   0x00000018   Code   RO         5497    i.prvIdleTask       tasks.o
    0x0800488c   0x0000004c   Code   RO         5447    i.prvInsertBlockIntoFreeList  heap_4.o
    0x080048d8   0x00000064   Code   RO         5769    i.prvUnlockQueue    queue.o
    0x0800493c   0x00000084   Code   RO         5448    i.pvPortMalloc      heap_4.o
    0x080049c0   0x0000001c   Code   RO         5909    i.pxPortInitialiseStack  port.o
    0x080049dc   0x0000000a   Code   RO         1615    i.raw_bind          raw.o
    0x080049e6   0x00000002   PAD
    0x080049e8   0x00000074   Code   RO         1617    i.raw_input         raw.o
    0x08004a5c   0x0000002c   Code   RO         1618    i.raw_new           raw.o
    0x08004a88   0x00000006   Code   RO         1619    i.raw_recv          raw.o
    0x08004a8e   0x00000002   PAD
    0x08004a90   0x0000002c   Code   RO         1620    i.raw_remove        raw.o
    0x08004abc   0x00000006   Code   RO         1621    i.raw_send          raw.o
    0x08004ac2   0x00000090   Code   RO         1622    i.raw_sendto        raw.o
    0x08004b52   0x00000002   PAD
    0x08004b54   0x00000078   Code   RO          767    i.recv_raw          api_msg.o
    0x08004bcc   0x00000068   Code   RO          768    i.recv_tcp          api_msg.o
    0x08004c34   0x0000006e   Code   RO          769    i.recv_udp          api_msg.o
    0x08004ca2   0x00000052   Code   RO          770    i.sent_tcp          api_msg.o
    0x08004cf4   0x00000044   Code   RO          771    i.setup_tcp         api_msg.o
    0x08004d38   0x00000050   Code   RO         2452    i.sys_arch_mbox_fetch  sys_arch.o
    0x08004d88   0x0000001e   Code   RO         2453    i.sys_arch_mbox_tryfetch  sys_arch.o
    0x08004da6   0x00000042   Code   RO         2455    i.sys_arch_sem_wait  sys_arch.o
    0x08004de8   0x0000000c   Code   RO         2458    i.sys_init          sys_arch.o
    0x08004df4   0x00000014   Code   RO         2459    i.sys_mbox_free     sys_arch.o
    0x08004e08   0x0000001c   Code   RO         2460    i.sys_mbox_new      sys_arch.o
    0x08004e24   0x0000001a   Code   RO         2461    i.sys_mbox_post     sys_arch.o
    0x08004e3e   0x00000006   Code   RO         2462    i.sys_mbox_set_invalid  sys_arch.o
    0x08004e44   0x0000001c   Code   RO         2463    i.sys_mbox_trypost  sys_arch.o
    0x08004e60   0x0000000a   Code   RO         2464    i.sys_mbox_valid    sys_arch.o
    0x08004e6a   0x00000006   Code   RO         2465    i.sys_sem_free      sys_arch.o
    0x08004e70   0x0000003a   Code   RO         2466    i.sys_sem_new       sys_arch.o
    0x08004eaa   0x00000006   Code   RO         2467    i.sys_sem_set_invalid  sys_arch.o
    0x08004eb0   0x0000000c   Code   RO         2468    i.sys_sem_signal    sys_arch.o
    0x08004ebc   0x0000000a   Code   RO         2469    i.sys_sem_valid     sys_arch.o
    0x08004ec6   0x00000002   PAD
    0x08004ec8   0x0000003c   Code   RO         2470    i.sys_thread_new    sys_arch.o
    0x08004f04   0x0000005c   Code   RO         2613    i.sys_timeout       timers.o
    0x08004f60   0x00000038   Code   RO         2614    i.sys_timeouts_init  timers.o
    0x08004f98   0x00000060   Code   RO         2615    i.sys_timeouts_mbox_fetch  timers.o
    0x08004ff8   0x00000048   Code   RO         2616    i.sys_untimeout     timers.o
    0x08005040   0x0000008c   Code   RO         1689    i.tcp_abandon       tcp.o
    0x080050cc   0x00000006   Code   RO         1690    i.tcp_abort         tcp.o
    0x080050d2   0x00000004   Code   RO         1691    i.tcp_accept        tcp.o
    0x080050d6   0x00000006   Code   RO         1692    i.tcp_accept_null   tcp.o
    0x080050dc   0x000000fc   Code   RO         1693    i.tcp_alloc         tcp.o
    0x080051d8   0x00000004   Code   RO         1694    i.tcp_arg           tcp.o
    0x080051dc   0x00000084   Code   RO         1695    i.tcp_bind          tcp.o
    0x08005260   0x00000014   Code   RO         1696    i.tcp_close         tcp.o
    0x08005274   0x00000128   Code   RO         1697    i.tcp_close_shutdown  tcp.o
    0x0800539c   0x0000009c   Code   RO         1956    i.tcp_create_segment  tcp_out.o
    0x08005438   0x00000020   Code   RO         1700    i.tcp_eff_send_mss  tcp.o
    0x08005458   0x000000a6   Code   RO         1957    i.tcp_enqueue_flags  tcp_out.o
    0x080054fe   0x00000006   Code   RO         1701    i.tcp_err           tcp.o
    0x08005504   0x00000060   Code   RO         1702    i.tcp_fasttmr       tcp.o
    0x08005564   0x00000002   Code   RO         1703    i.tcp_init          tcp.o
    0x08005566   0x00000002   PAD
    0x08005568   0x00000314   Code   RO         1905    i.tcp_input         tcp_in.o
    0x0800587c   0x0000003c   Code   RO         1958    i.tcp_keepalive     tcp_out.o
    0x080058b8   0x000000e4   Code   RO         1906    i.tcp_listen_input  tcp_in.o
    0x0800599c   0x00000088   Code   RO         1704    i.tcp_listen_with_backlog  tcp.o
    0x08005a24   0x00000006   Code   RO         1705    i.tcp_new           tcp.o
    0x08005a2a   0x00000002   PAD
    0x08005a2c   0x0000005c   Code   RO         1706    i.tcp_new_port      tcp.o
    0x08005a88   0x00000010   Code   RO         1707    i.tcp_next_iss      tcp.o
    0x08005a98   0x0000018c   Code   RO         1959    i.tcp_output        tcp_out.o
    0x08005c24   0x0000006a   Code   RO         1960    i.tcp_output_alloc_header  tcp_out.o
    0x08005c8e   0x00000002   PAD
    0x08005c90   0x000000b0   Code   RO         1961    i.tcp_output_segment  tcp_out.o
    0x08005d40   0x00000080   Code   RO         1907    i.tcp_parseopt      tcp_in.o
    0x08005dc0   0x0000004e   Code   RO         1962    i.tcp_pbuf_prealloc  tcp_out.o
    0x08005e0e   0x0000003a   Code   RO         1708    i.tcp_pcb_purge     tcp.o
    0x08005e48   0x00000058   Code   RO         1709    i.tcp_pcb_remove    tcp.o
    0x08005ea0   0x0000000a   Code   RO         1710    i.tcp_poll          tcp.o
    0x08005eaa   0x00000002   PAD
    0x08005eac   0x00000334   Code   RO         1908    i.tcp_process       tcp_in.o
    0x080061e0   0x00000066   Code   RO         1711    i.tcp_process_refused_data  tcp.o
    0x08006246   0x00000002   PAD
    0x08006248   0x00000412   Code   RO         1909    i.tcp_receive       tcp_in.o
    0x0800665a   0x00000004   Code   RO         1712    i.tcp_recv          tcp.o
    0x0800665e   0x00000024   Code   RO         1713    i.tcp_recv_null     tcp.o
    0x08006682   0x00000038   Code   RO         1714    i.tcp_recved        tcp.o
    0x080066ba   0x00000052   Code   RO         1963    i.tcp_rexmit        tcp_out.o
    0x0800670c   0x00000058   Code   RO         1964    i.tcp_rexmit_fast   tcp_out.o
    0x08006764   0x0000002e   Code   RO         1965    i.tcp_rexmit_rto    tcp_out.o
    0x08006792   0x00000076   Code   RO         1966    i.tcp_rst           tcp_out.o
    0x08006808   0x0000001c   Code   RO         1715    i.tcp_seg_free      tcp.o
    0x08006824   0x00000012   Code   RO         1716    i.tcp_segs_free     tcp.o
    0x08006836   0x00000048   Code   RO         1967    i.tcp_send_empty_ack  tcp_out.o
    0x0800687e   0x00000044   Code   RO         1968    i.tcp_send_fin      tcp_out.o
    0x080068c2   0x00000004   Code   RO         1717    i.tcp_sent          tcp.o
    0x080068c6   0x0000004e   Code   RO         1719    i.tcp_shutdown      tcp.o
    0x08006914   0x0000025c   Code   RO         1720    i.tcp_slowtmr       tcp.o
    0x08006b70   0x00000034   Code   RO         2617    i.tcp_timer_needed  timers.o
    0x08006ba4   0x0000006c   Code   RO         1910    i.tcp_timewait_input  tcp_in.o
    0x08006c10   0x00000020   Code   RO         1721    i.tcp_tmr           tcp.o
    0x08006c30   0x00000034   Code   RO         1722    i.tcp_update_rcv_ann_wnd  tcp.o
    0x08006c64   0x000002fc   Code   RO         1969    i.tcp_write         tcp_out.o
    0x08006f60   0x0000008a   Code   RO         1970    i.tcp_zero_window_probe  tcp_out.o
    0x08006fea   0x00000002   PAD
    0x08006fec   0x0000002c   Code   RO          581    i.tcpecho_init      tcpecho.o
    0x08007018   0x000000c4   Code   RO          582    i.tcpecho_thread    tcpecho.o
    0x080070dc   0x00000040   Code   RO         1000    i.tcpip_apimsg      tcpip.o
    0x0800711c   0x0000003c   Code   RO         1004    i.tcpip_init        tcpip.o
    0x08007158   0x0000004c   Code   RO         1005    i.tcpip_input       tcpip.o
    0x080071a4   0x00000038   Code   RO         2618    i.tcpip_tcp_timer   timers.o
    0x080071dc   0x00000080   Code   RO         1006    i.tcpip_thread      tcpip.o
    0x0800725c   0x00000098   Code   RO         2048    i.udp_bind          udp.o
    0x080072f4   0x00000002   Code   RO         2051    i.udp_init          udp.o
    0x080072f6   0x00000002   PAD
    0x080072f8   0x00000178   Code   RO         2052    i.udp_input         udp.o
    0x08007470   0x0000001a   Code   RO         2053    i.udp_new           udp.o
    0x0800748a   0x00000006   Code   RO         2054    i.udp_recv          udp.o
    0x08007490   0x0000002c   Code   RO         2055    i.udp_remove        udp.o
    0x080074bc   0x00000008   Code   RO         2056    i.udp_send          udp.o
    0x080074c4   0x00000028   Code   RO         2057    i.udp_sendto        udp.o
    0x080074ec   0x000000b6   Code   RO         2058    i.udp_sendto_if     udp.o
    0x080075a2   0x00000002   PAD
    0x080075a4   0x0000002c   Code   RO          547    i.udpecho_init      udpecho.o
    0x080075d0   0x000000b8   Code   RO          548    i.udpecho_thread    udpecho.o
    0x08007688   0x00000026   Code   RO         5731    i.uxListRemove      list.o
    0x080076ae   0x0000001a   Code   RO         5772    i.uxQueueMessagesWaiting  queue.o
    0x080076c8   0x00000016   Code   RO         5732    i.vListInitialise   list.o
    0x080076de   0x00000006   Code   RO         5733    i.vListInitialiseItem  list.o
    0x080076e4   0x00000030   Code   RO         5734    i.vListInsert       list.o
    0x08007714   0x0000001c   Code   RO         5735    i.vListInsertEnd    list.o
    0x08007730   0x00000014   Code   RO         5911    i.vPortEnterCritical  port.o
    0x08007744   0x00000014   Code   RO         5912    i.vPortExitCritical  port.o
    0x08007758   0x0000002c   Code   RO         5449    i.vPortFree         heap_4.o
    0x08007784   0x00000020   Code   RO         5913    i.vPortSetupTimerInterrupt  port.o
    0x080077a4   0x00000010   Code   RO         5914    i.vPortYieldFromISR  port.o
    0x080077b4   0x00000040   Code   RO         5775    i.vQueueDelete      queue.o
    0x080077f4   0x00000034   Code   RO         5502    i.vTaskDelay        tasks.o
    0x08007828   0x00000064   Code   RO         5503    i.vTaskDelete       tasks.o
    0x0800788c   0x000000ac   Code   RO         5505    i.vTaskIncrementTick  tasks.o
    0x08007938   0x0000000c   Code   RO         5507    i.vTaskMissedYield  tasks.o
    0x08007944   0x00000030   Code   RO         5508    i.vTaskPlaceOnEventList  tasks.o
    0x08007974   0x00000048   Code   RO         5509    i.vTaskPriorityDisinherit  tasks.o
    0x080079bc   0x00000064   Code   RO         5510    i.vTaskPriorityInherit  tasks.o
    0x08007a20   0x0000001c   Code   RO         5513    i.vTaskSetTimeOutState  tasks.o
    0x08007a3c   0x0000004c   Code   RO         5514    i.vTaskStartScheduler  tasks.o
    0x08007a88   0x00000010   Code   RO         5515    i.vTaskSuspendAll   tasks.o
    0x08007a98   0x00000058   Code   RO         5516    i.vTaskSwitchContext  tasks.o
    0x08007af0   0x00000030   Code   RO         5915    i.xPortStartScheduler  port.o
    0x08007b20   0x00000020   Code   RO         5916    i.xPortSysTickHandler  port.o
    0x08007b40   0x00000046   Code   RO         5779    i.xQueueGenericCreate  queue.o
    0x08007b86   0x00000002   PAD
    0x08007b88   0x00000120   Code   RO         5780    i.xQueueGenericReceive  queue.o
    0x08007ca8   0x00000062   Code   RO         5781    i.xQueueGenericReset  queue.o
    0x08007d0a   0x000000ea   Code   RO         5782    i.xQueueGenericSend  queue.o
    0x08007df4   0x00000074   Code   RO         5783    i.xQueueGenericSendFromISR  queue.o
    0x08007e68   0x00000058   Code   RO         5517    i.xTaskCheckForTimeOut  tasks.o
    0x08007ec0   0x00000178   Code   RO         5518    i.xTaskGenericCreate  tasks.o
    0x08008038   0x0000000c   Code   RO         5519    i.xTaskGetCurrentTaskHandle  tasks.o
    0x08008044   0x00000018   Code   RO         5520    i.xTaskGetTickCount  tasks.o
    0x0800805c   0x00000060   Code   RO         5522    i.xTaskRemoveFromEventList  tasks.o
    0x080080bc   0x000000b0   Code   RO         5523    i.xTaskResumeAll    tasks.o
    0x0800816c   0x00000014   Data   RO          549    .constdata          udpecho.o
    0x08008180   0x00000030   Data   RO         1369    .constdata          memp.o
    0x080081b0   0x00000054   Data   RO         1723    .constdata          tcp.o
    0x08008204   0x00000004   Data   RO         2259    .constdata          ip_addr.o
    0x08008208   0x00000004   Data   RO         2260    .constdata          ip_addr.o
    0x0800820c   0x0000000c   Data   RO         2327    .constdata          etharp.o
    0x08008218   0x000011d0   Data   RO         5216    .constdata          stm324x7i_eval_lcd.o
    0x080093e8   0x00000075   Data   RO         1724    .conststring        tcp.o
    0x0800945d   0x00000003   PAD
    0x08009460   0x00000020   Data   RO         6296    Region$$Table       anon$$obj.o


    Execution Region RW_IRAM1 (Base: 0x20000000, Size: 0x0000c3c0, Max: 0x00020000, ABSOLUTE, COMPRESSED[0x0000003c])

    Base Addr    Size         Type   Attr      Idx    E Section Name        Object

    0x20000000   0x00000014   Data   RW            6    .data               system_stm32f4xx.o
    0x20000014   0x00000004   Data   RW          155    .data               main.o
    0x20000018   0x00000008   Data   RW          404    .data               stm32f4x7_eth_bsp.o
    0x20000020   0x0000000c   Data   RW          550    .data               udpecho.o
    0x2000002c   0x0000000c   Data   RW         1010    .data               tcpip.o
    0x20000038   0x00000004   Data   RW         1131    .data               dhcp.o
    0x2000003c   0x00000010   Data   RW         1327    .data               mem.o
    0x2000004c   0x0000000c   Data   RW         1423    .data               netif.o
    0x20000058   0x00000004   Data   RW         1623    .data               raw.o
    0x2000005c   0x00000024   Data   RW         1725    .data               tcp.o
    0x20000080   0x0000001c   Data   RW         1912    .data               tcp_in.o
    0x2000009c   0x00000008   Data   RW         2059    .data               udp.o
    0x200000a4   0x00000014   Data   RW         2220    .data               ip.o
    0x200000b8   0x00000001   Data   RW         2328    .data               etharp.o
    0x200000b9   0x00000003   PAD
    0x200000bc   0x0000000c   Data   RW         2411    .data               ethernetif.o
    0x200000c8   0x00000002   Data   RW         2471    .data               sys_arch.o
    0x200000ca   0x00000002   PAD
    0x200000cc   0x00000008   Data   RW         2619    .data               timers.o
    0x200000d4   0x00000010   Data   RW         3835    .data               stm32f4xx_rcc.o
    0x200000e4   0x0000000c   Data   RW         4633    .data               stm32f4x7_eth.o
    0x200000f0   0x00000010   Data   RW         5220    .data               stm324x7i_eval_lcd.o
    0x20000100   0x00000010   Data   RW         5453    .data               heap_4.o
    0x20000110   0x0000003c   Data   RW         5525    .data               tasks.o
    0x2000014c   0x00000004   Data   RW         5917    .data               port.o
    0x20000150   0x00000004   Data   RW         6270    .data               mc_w.l(stdout.o)
    0x20000154   0x00000038   Zero   RW          334    .bss                netconf.o
    0x2000018c   0x000000bc   Zero   RW          403    .bss                stm32f4x7_eth_bsp.o
    0x20000248   0x00001414   Zero   RW         1326    .bss                mem.o
    0x2000165c   0x00003a77   Zero   RW         1368    .bss                memp.o
    0x200050d3   0x00000001   PAD
    0x200050d4   0x00000014   Zero   RW         1911    .bss                tcp_in.o
    0x200050e8   0x000000c8   Zero   RW         2326    .bss                etharp.o
    0x200051b0   0x00000080   Zero   RW         4628    .bss                stm32f4x7_eth.o
    0x20005230   0x00000080   Zero   RW         4629    .bss                stm32f4x7_eth.o
    0x200052b0   0x000017d0   Zero   RW         4630    .bss                stm32f4x7_eth.o
    0x20006a80   0x000017d0   Zero   RW         4631    .bss                stm32f4x7_eth.o
    0x20008250   0x0000000c   Zero   RW         4632    .bss                stm32f4x7_eth.o
    0x2000825c   0x00000004   PAD
    0x20008260   0x00003c00   Zero   RW         5452    .bss                heap_4.o
    0x2000be60   0x00000120   Zero   RW         5524    .bss                tasks.o
    0x2000bf80   0x00000040   Zero   RW         5789    .bss                queue.o
    0x2000bfc0   0x00000400   Zero   RW          141    STACK               startup_stm32f427x.o


==============================================================================

Image component sizes


      Code (inc. data)   RO Data    RW Data    ZI Data      Debug   Object Name

       860         36          0          0          0      27265   api_lib.o
      2596         46          0          0          0      18949   api_msg.o
        16          0          0          0          0       3116   def.o
      2256         48          0          4          0      18770   dhcp.o
      1666         68         12          1        200      14820   etharp.o
       768         74          0         12          0       7054   ethernetif.o
       328         24          0         16      15360       6011   heap_4.o
       360         10          0          0          0       3285   icmp.o
       172          0          0          0          0       3133   inet_chksum.o
        34          0          0          0          0      10809   init.o
       624         24          0         20          0       7841   ip.o
        46          0          8          0          0       7930   ip_addr.o
       142          0          0          0          0       3998   list.o
       280         50          0          4          0      65702   main.o
       648         28          0         16       5140       5777   mem.o
       144         20         48          0      14967       3986   memp.o
       120         14          0          0          0       1951   misc.o
       190          0          0          0          0       4346   netbuf.o
       328        118          0          0         56       8351   netconf.o
       400         18          0         12          0      11495   netif.o
       868          0          0          0          0       9129   pbuf.o
       328         46          0          4          0       7848   port.o
      1126          6          0          0         64      11406   queue.o
       370         22          0          4          0       6249   raw.o
        36          8        412          0       1024        872   startup_stm32f427x.o
       322         28       4560         16          0       9024   stm324x7i_eval_lcd.o
      1870        164          0         12      12460      19901   stm32f4x7_eth.o
      1478        202          0          8        188       8503   stm32f4x7_eth_bsp.o
       156         14          0          0          0       2748   stm32f4xx_exti.o
       198          0          0          0          0       2794   stm32f4xx_gpio.o
       132         10          0          0          0       5107   stm32f4xx_it.o
       220         34          0         16          0       5351   stm32f4xx_rcc.o
        60         10          0          0          0       1478   stm32f4xx_syscfg.o
       458          8          0          2          0      13321   sys_arch.o
       296         40          0         20          0     242281   system_stm32f4xx.o
      1696        146          0         60        288      20813   tasks.o
      2416         98        201         36          0      34773   tcp.o
      3114        126          0         28         20      17319   tcp_in.o
      2514         10          0          0          0      14695   tcp_out.o
       240         80          0          0          0       1851   tcpecho.o
       328         40          0         12          0       9786   tcpip.o
       508         76          0          8          0       7667   timers.o
       836         20          0          8          0      17774   udp.o
       228         92         20         12          0      10363   udpecho.o

    ----------------------------------------------------------------------
     31838       1858       5296        336      49772     715642   Object Totals
         0          0         32          0          0          0   (incl. Generated)
        62          0          3          5          5          0   (incl. Padding)

    ----------------------------------------------------------------------

      Code (inc. data)   RO Data    RW Data    ZI Data      Debug   Library Member Name

        86          0          0          0          0          0   __dczerorl2.o
         0          0          0          0          0          0   entry.o
         0          0          0          0          0          0   entry10a.o
         0          0          0          0          0          0   entry11a.o
         8          4          0          0          0          0   entry2.o
         4          0          0          0          0          0   entry5.o
         0          0          0          0          0          0   entry7b.o
         0          0          0          0          0          0   entry8b.o
         8          4          0          0          0          0   entry9a.o
        18          0          0          0          0         80   fputc.o
        30          0          0          0          0          0   handlers.o
        36          8          0          0          0         68   init.o
         0          0          0          0          0          0   iusesemip.o
        26          0          0          0          0         80   memcmp.o
        36          0          0          0          0         68   memcpya.o
        36          0          0          0          0        108   memseta.o
       522         20          0          0          0        336   printf3.o
         0          0          0          0          0          0   semi.o
         0          0          0          4          0          0   stdout.o
        24          0          0          0          0         76   strncpy.o
        44          0          0          0          0         80   uidiv.o

    ----------------------------------------------------------------------
       882         36          0          4          0        896   Library Totals
         4          0          0          0          0          0   (incl. Padding)

    ----------------------------------------------------------------------

      Code (inc. data)   RO Data    RW Data    ZI Data      Debug   Library Name

       878         36          0          4          0        896   mc_w.l

    ----------------------------------------------------------------------
       882         36          0          4          0        896   Library Totals

    ----------------------------------------------------------------------

==============================================================================


      Code (inc. data)   RO Data    RW Data    ZI Data      Debug   

     32720       1894       5296        340      49772     682806   Grand Totals
     32720       1894       5296         60      49772     682806   ELF Image Totals (compressed)
     32720       1894       5296         60          0          0   ROM Totals

==============================================================================

    Total RO  Size (Code + RO Data)                38016 (  37.13kB)
    Total RW  Size (RW Data + ZI Data)             50112 (  48.94kB)
    Total ROM Size (Code + RO Data + RW Data)      38076 (  37.18kB)

==============================================================================

