<html>
<body>
<pre>
<h1>µVision Build Log</h1>
<h2>Project:</h2>
E:\project\rtos\STM32F4x7_ETH_LwIP_V1.1.1\Project\FreeRTOS\udptcp_echo_server_netconn\MDK-ARM\Project.uvproj
Project File Date:  01/01/2018

<h2>Output:</h2>
Build target 'STM324x7I_EVAL'
linking...
Program Size: Code=32720 RO-data=5296 RW-data=340 ZI-data=49772  
".\STM324xG_EVAL\STM324xG_EVAL.axf" - 0 Error(s), 0 Warning(s).
Load "E:\\project\\rtos\\STM32F4x7_ETH_LwIP_V1.1.1\\Project\\FreeRTOS\\udptcp_echo_server_netconn\\MDK-ARM\\STM324xG_EVAL\\STM324xG_EVAL.axf" 
Error: Flash Download failed  -  Target DLL has been cancelled
</pre>
</body>
</html>
